Archive member included to satisfy reference by file (symbol)

D:/CubeIDE/STM32CubeIDE_1.13.0/STM32CubeIDE/plugins/com.st.stm32cube.ide.mcu.externaltools.gnu-tools-for-stm32.11.3.rel1.win32_1.1.0.202305231506/tools/bin/../lib/gcc/arm-none-eabi/11.3.1/../../../../arm-none-eabi/lib/thumb/v7e-m+fp/hard\libc_nano.a(libc_a-atoi.o)
                              ./Core/Src/NMEA.o (atoi)
D:/CubeIDE/STM32CubeIDE_1.13.0/STM32CubeIDE/plugins/com.st.stm32cube.ide.mcu.externaltools.gnu-tools-for-stm32.11.3.rel1.win32_1.1.0.202305231506/tools/bin/../lib/gcc/arm-none-eabi/11.3.1/../../../../arm-none-eabi/lib/thumb/v7e-m+fp/hard\libc_nano.a(libc_a-exit.o)
                              D:/CubeIDE/STM32CubeIDE_1.13.0/STM32CubeIDE/plugins/com.st.stm32cube.ide.mcu.externaltools.gnu-tools-for-stm32.11.3.rel1.win32_1.1.0.202305231506/tools/bin/../lib/gcc/arm-none-eabi/11.3.1/../../../../arm-none-eabi/lib/thumb/v7e-m+fp/hard/crt0.o (exit)
D:/CubeIDE/STM32CubeIDE_1.13.0/STM32CubeIDE/plugins/com.st.stm32cube.ide.mcu.externaltools.gnu-tools-for-stm32.11.3.rel1.win32_1.1.0.202305231506/tools/bin/../lib/gcc/arm-none-eabi/11.3.1/../../../../arm-none-eabi/lib/thumb/v7e-m+fp/hard\libc_nano.a(libc_a-strtol.o)
                              D:/CubeIDE/STM32CubeIDE_1.13.0/STM32CubeIDE/plugins/com.st.stm32cube.ide.mcu.externaltools.gnu-tools-for-stm32.11.3.rel1.win32_1.1.0.202305231506/tools/bin/../lib/gcc/arm-none-eabi/11.3.1/../../../../arm-none-eabi/lib/thumb/v7e-m+fp/hard\libc_nano.a(libc_a-atoi.o) (_strtol_r)
D:/CubeIDE/STM32CubeIDE_1.13.0/STM32CubeIDE/plugins/com.st.stm32cube.ide.mcu.externaltools.gnu-tools-for-stm32.11.3.rel1.win32_1.1.0.202305231506/tools/bin/../lib/gcc/arm-none-eabi/11.3.1/../../../../arm-none-eabi/lib/thumb/v7e-m+fp/hard\libc_nano.a(libc_a-ctype_.o)
                              D:/CubeIDE/STM32CubeIDE_1.13.0/STM32CubeIDE/plugins/com.st.stm32cube.ide.mcu.externaltools.gnu-tools-for-stm32.11.3.rel1.win32_1.1.0.202305231506/tools/bin/../lib/gcc/arm-none-eabi/11.3.1/../../../../arm-none-eabi/lib/thumb/v7e-m+fp/hard\libc_nano.a(libc_a-strtol.o) (_ctype_)
D:/CubeIDE/STM32CubeIDE_1.13.0/STM32CubeIDE/plugins/com.st.stm32cube.ide.mcu.externaltools.gnu-tools-for-stm32.11.3.rel1.win32_1.1.0.202305231506/tools/bin/../lib/gcc/arm-none-eabi/11.3.1/../../../../arm-none-eabi/lib/thumb/v7e-m+fp/hard\libc_nano.a(libc_a-nano-vfprintf_float.o)
                              (_printf_float)
D:/CubeIDE/STM32CubeIDE_1.13.0/STM32CubeIDE/plugins/com.st.stm32cube.ide.mcu.externaltools.gnu-tools-for-stm32.11.3.rel1.win32_1.1.0.202305231506/tools/bin/../lib/gcc/arm-none-eabi/11.3.1/../../../../arm-none-eabi/lib/thumb/v7e-m+fp/hard\libc_nano.a(libc_a-nano-vfprintf_i.o)
                              D:/CubeIDE/STM32CubeIDE_1.13.0/STM32CubeIDE/plugins/com.st.stm32cube.ide.mcu.externaltools.gnu-tools-for-stm32.11.3.rel1.win32_1.1.0.202305231506/tools/bin/../lib/gcc/arm-none-eabi/11.3.1/../../../../arm-none-eabi/lib/thumb/v7e-m+fp/hard\libc_nano.a(libc_a-nano-vfprintf_float.o) (_printf_common)
D:/CubeIDE/STM32CubeIDE_1.13.0/STM32CubeIDE/plugins/com.st.stm32cube.ide.mcu.externaltools.gnu-tools-for-stm32.11.3.rel1.win32_1.1.0.202305231506/tools/bin/../lib/gcc/arm-none-eabi/11.3.1/../../../../arm-none-eabi/lib/thumb/v7e-m+fp/hard\libc_nano.a(libc_a-findfp.o)
                              D:/CubeIDE/STM32CubeIDE_1.13.0/STM32CubeIDE/plugins/com.st.stm32cube.ide.mcu.externaltools.gnu-tools-for-stm32.11.3.rel1.win32_1.1.0.202305231506/tools/bin/../lib/gcc/arm-none-eabi/11.3.1/../../../../arm-none-eabi/lib/thumb/v7e-m+fp/hard\libc_nano.a(libc_a-exit.o) (__stdio_exit_handler)
D:/CubeIDE/STM32CubeIDE_1.13.0/STM32CubeIDE/plugins/com.st.stm32cube.ide.mcu.externaltools.gnu-tools-for-stm32.11.3.rel1.win32_1.1.0.202305231506/tools/bin/../lib/gcc/arm-none-eabi/11.3.1/../../../../arm-none-eabi/lib/thumb/v7e-m+fp/hard\libc_nano.a(libc_a-fwalk.o)
                              D:/CubeIDE/STM32CubeIDE_1.13.0/STM32CubeIDE/plugins/com.st.stm32cube.ide.mcu.externaltools.gnu-tools-for-stm32.11.3.rel1.win32_1.1.0.202305231506/tools/bin/../lib/gcc/arm-none-eabi/11.3.1/../../../../arm-none-eabi/lib/thumb/v7e-m+fp/hard\libc_nano.a(libc_a-findfp.o) (_fwalk_sglue)
D:/CubeIDE/STM32CubeIDE_1.13.0/STM32CubeIDE/plugins/com.st.stm32cube.ide.mcu.externaltools.gnu-tools-for-stm32.11.3.rel1.win32_1.1.0.202305231506/tools/bin/../lib/gcc/arm-none-eabi/11.3.1/../../../../arm-none-eabi/lib/thumb/v7e-m+fp/hard\libc_nano.a(libc_a-stdio.o)
                              D:/CubeIDE/STM32CubeIDE_1.13.0/STM32CubeIDE/plugins/com.st.stm32cube.ide.mcu.externaltools.gnu-tools-for-stm32.11.3.rel1.win32_1.1.0.202305231506/tools/bin/../lib/gcc/arm-none-eabi/11.3.1/../../../../arm-none-eabi/lib/thumb/v7e-m+fp/hard\libc_nano.a(libc_a-findfp.o) (__sread)
[...]
Memory Configuration

Name             Origin             Length             Attributes
CCMRAM           0x0000000010000000 0x0000000000002000 xrw
RAM              0x0000000020000000 0x000000000000a000 xrw
FLASH            0x0000000008000000 0x0000000000040000 xr
*default*        0x0000000000000000 0xffffffffffffffff

Linker script and memory map

LOAD D:/CubeIDE/STM32CubeIDE_1.13.0/STM32CubeIDE/plugins/com.st.stm32cube.ide.mcu.externaltools.gnu-tools-for-stm32.11.3.rel1.win32_1.1.0.202305231506/tools/bin/../lib/gcc/arm-none-eabi/11.3.1/thumb/v7e-m+fp/hard/crti.o
LOAD D:/CubeIDE/STM32CubeIDE_1.13.0/STM32CubeIDE/plugins/com.st.stm32cube.ide.mcu.externaltools.gnu-tools-for-stm32.11.3.rel1.win32_1.1.0.202305231506/tools/bin/../lib/gcc/arm-none-eabi/11.3.1/thumb/v7e-m+fp/hard/crtbegin.o
LOAD D:/CubeIDE/STM32CubeIDE_1.13.0/STM32CubeIDE/plugins/com.st.stm32cube.ide.mcu.externaltools.gnu-tools-for-stm32.11.3.rel1.win32_1.1.0.202305231506/tools/bin/../lib/gcc/arm-none-eabi/11.3.1/../../../../arm-none-eabi/lib/thumb/v7e-m+fp/hard/crt0.o
LOAD ./Core/Src/NMEA.o
LOAD ./Core/Src/UartRingbuffer.o
LOAD ./Core/Src/bmp180.o
LOAD ./Core/Src/hmc5883.o
LOAD ./Core/Src/kalman.o
LOAD ./Core/Src/main.o
LOAD ./Core/Src/mpu6050.o
LOAD ./Core/Src/ms4525.o
LOAD ./Core/Src/stm32f3xx_hal_msp.o
LOAD ./Core/Src/stm32f3xx_it.o
LOAD ./Core/Src/syscalls.o
LOAD ./Core/Src/sysmem.o
LOAD ./Core/Src/system_stm32f3xx.o
LOAD ./Core/Src/trajectory.o
LOAD ./Core/Startup/startup_stm32f303vctx.o
LOAD ./Drivers/STM32F3xx_HAL_Driver/Src/stm32f3xx_hal.o
LOAD ./Drivers/STM32F3xx_HAL_Driver/Src/stm32f3xx_hal_cortex.o
LOAD ./Drivers/STM32F3xx_HAL_Driver/Src/stm32f3xx_hal_dma.o
LOAD ./Drivers/STM32F3xx_HAL_Driver/Src/stm32f3xx_hal_exti.o
LOAD ./Drivers/STM32F3xx_HAL_Driver/Src/stm32f3xx_hal_flash.o
LOAD ./Drivers/STM32F3xx_HAL_Driver/Src/stm32f3xx_hal_flash_ex.o
LOAD ./Drivers/STM32F3xx_HAL_Driver/Src/stm32f3xx_hal_gpio.o
LOAD ./Drivers/STM32F3xx_HAL_Driver/Src/stm32f3xx_hal_i2c.o
LOAD ./Drivers/STM32F3xx_HAL_Driver/Src/stm32f3xx_hal_i2c_ex.o
LOAD ./Drivers/STM32F3xx_HAL_Driver/Src/stm32f3xx_hal_pwr.o
LOAD ./Drivers/STM32F3xx_HAL_Driver/Src/stm32f3xx_hal_pwr_ex.o
LOAD ./Drivers/STM32F3xx_HAL_Driver/Src/stm32f3xx_hal_rcc.o
LOAD ./Drivers/STM32F3xx_HAL_Driver/Src/stm32f3xx_hal_rcc_ex.o
LOAD ./Drivers/STM32F3xx_HAL_Driver/Src/stm32f3xx_hal_tim.o
LOAD ./Drivers/STM32F3xx_HAL_Driver/Src/stm32f3xx_hal_tim_ex.o
LOAD ./Drivers/STM32F3xx_HAL_Driver/Src/stm32f3xx_hal_uart.o
LOAD ./Drivers/STM32F3xx_HAL_Driver/Src/stm32f3xx_hal_uart_ex.o
START GROUP
LOAD D:/CubeIDE/STM32CubeIDE_1.13.0/STM32CubeIDE/plugins/com.st.stm32cube.ide.mcu.externaltools.gnu-tools-for-stm32.11.3.rel1.win32_1.1.0.202305231506/tools/bin/../lib/gcc/arm-none-eabi/11.3.1/../../../../arm-none-eabi/lib/thumb/v7e-m+fp/hard\libc_nano.a
LOAD D:/CubeIDE/STM32CubeIDE_1.13.0/STM32CubeIDE/plugins/com.st.stm32cube.ide.mcu.externaltools.gnu-tools-for-stm32.11.3.rel1.win32_1.1.0.202305231506/tools/bin/../lib/gcc/arm-none-eabi/11.3.1/../../../../arm-none-eabi/lib/thumb/v7e-m+fp/hard\libm.a
END GROUP
START GROUP
LOAD D:/CubeIDE/STM32CubeIDE_1.13.0/STM32CubeIDE/plugins/com.st.stm32cube.ide.mcu.externaltools.gnu-tools-for-stm32.11.3.rel1.win32_1.1.0.202305231506/tools/bin/../lib/gcc/arm-none-eabi/11.3.1/thumb/v7e-m+fp/hard\libgcc.a
LOAD D:/CubeIDE/STM32CubeIDE_1.13.0/STM32CubeIDE/plugins/com.st.stm32cube.ide.mcu.externaltools.gnu-tools-for-stm32.11.3.rel1.win32_1.1.0.202305231506/tools/bin/../lib/gcc/arm-none-eabi/11.3.1/../../../../arm-none-eabi/lib/thumb/v7e-m+fp/hard\libc_nano.a
END GROUP
START GROUP
LOAD D:/CubeIDE/STM32CubeIDE_1.13.0/STM32CubeIDE/plugins/com.st.stm32cube.ide.mcu.externaltools.gnu-tools-for-stm32.11.3.rel1.win32_1.1.0.202305231506/tools/bin/../lib/gcc/arm-none-eabi/11.3.1/thumb/v7e-m+fp/hard\libgcc.a
LOAD D:/CubeIDE/STM32CubeIDE_1.13.0/STM32CubeIDE/plugins/com.st.stm32cube.ide.mcu.externaltools.gnu-tools-for-stm32.11.3.rel1.win32_1.1.0.202305231506/tools/bin/../lib/gcc/arm-none-eabi/11.3.1/../../../../arm-none-eabi/lib/thumb/v7e-m+fp/hard\libc_nano.a
LOAD D:/CubeIDE/STM32CubeIDE_1.13.0/STM32CubeIDE/plugins/com.st.stm32cube.ide.mcu.externaltools.gnu-tools-for-stm32.11.3.rel1.win32_1.1.0.202305231506/tools/bin/../lib/gcc/arm-none-eabi/11.3.1/../../../../arm-none-eabi/lib/thumb/v7e-m+fp/hard\libnosys.a
END GROUP
START GROUP
LOAD D:/CubeIDE/STM32CubeIDE_1.13.0/STM32CubeIDE/plugins/com.st.stm32cube.ide.mcu.externaltools.gnu-tools-for-stm32.11.3.rel1.win32_1.1.0.202305231506/tools/bin/../lib/gcc/arm-none-eabi/11.3.1/thumb/v7e-m+fp/hard\libgcc.a
LOAD D:/CubeIDE/STM32CubeIDE_1.13.0/STM32CubeIDE/plugins/com.st.stm32cube.ide.mcu.externaltools.gnu-tools-for-stm32.11.3.rel1.win32_1.1.0.202305231506/tools/bin/../lib/gcc/arm-none-eabi/11.3.1/../../../../arm-none-eabi/lib/thumb/v7e-m+fp/hard\libc_nano.a
LOAD D:/CubeIDE/STM32CubeIDE_1.13.0/STM32CubeIDE/plugins/com.st.stm32cube.ide.mcu.externaltools.gnu-tools-for-stm32.11.3.rel1.win32_1.1.0.202305231506/tools/bin/../lib/gcc/arm-none-eabi/11.3.1/../../../../arm-none-eabi/lib/thumb/v7e-m+fp/hard\libnosys.a
END GROUP
LOAD D:/CubeIDE/STM32CubeIDE_1.13.0/STM32CubeIDE/plugins/com.st.stm32cube.ide.mcu.externaltools.gnu-tools-for-stm32.11.3.rel1.win32_1.1.0.202305231506/tools/bin/../lib/gcc/arm-none-eabi/11.3.1/thumb/v7e-m+fp/hard/crtend.o
LOAD D:/CubeIDE/STM32CubeIDE_1.13.0/STM32CubeIDE/plugins/com.st.stm32cube.ide.mcu.externaltools.gnu-tools-for-stm32.11.3.rel1.win32_1.1.0.202305231506/tools/bin/../lib/gcc/arm-none-eabi/11.3.1/thumb/v7e-m+fp/hard/crtn.o
                0x000000002000a000                _estack = (ORIGIN (RAM) + LENGTH (RAM))
                0x0000000000000200                _Min_Heap_Size = 0x200
                0x0000000000000400                _Min_Stack_Size = 0x400

.isr_vector     0x0000000008000000      0x188
                0x0000000008000000                . = ALIGN (0x4)
 *(.isr_vector)
 .isr_vector    0x0000000008000000      0x188 ./Core/Startup/startup_stm32f303vctx.o
                0x0000000008000000                g_pfnVectors
                0x0000000008000188                . = ALIGN (0x4)

.text           0x0000000008000190     0xcce0
                0x0000000008000190                . = ALIGN (0x4)
 *(.text)
 .text          0x0000000008000190       0x40 D:/CubeIDE/STM32CubeIDE_1.13.0/STM32CubeIDE/plugins/com.st.stm32cube.ide.mcu.externaltools.gnu-tools-for-stm32.11.3.rel1.win32_1.1.0.202305231506/tools/bin/../lib/gcc/arm-none-eabi/11.3.1/thumb/v7e-m+fp/hard/crtbegin.o
 .text          0x00000000080001d0       0xa0 D:/CubeIDE/STM32CubeIDE_1.13.0/STM32CubeIDE/plugins/com.st.stm32cube.ide.mcu.externaltools.gnu-tools-for-stm32.11.3.rel1.win32_1.1.0.202305231506/tools/bin/../lib/gcc/arm-none-eabi/11.3.1/../../../../arm-none-eabi/lib/thumb/v7e-m+fp/hard\libc_nano.a(libc_a-memchr.o)
                0x00000000080001d0                memchr
 .text          0x0000000008000270       0x10 D:/CubeIDE/STM32CubeIDE_1.13.0/STM32CubeIDE/plugins/com.st.stm32cube.ide.mcu.externaltools.gnu-tools-for-stm32.11.3.rel1.win32_1.1.0.202305231506/tools/bin/../lib/gcc/arm-none-eabi/11.3.1/../../../../arm-none-eabi/lib/thumb/v7e-m+fp/hard\libc_nano.a(libc_a-strlen.o)
                0x0000000008000270                strlen
 .text          0x0000000008000280      0x378 D:/CubeIDE/STM32CubeIDE_1.13.0/STM32CubeIDE/plugins/com.st.stm32cube.ide.mcu.externaltools.gnu-tools-for-stm32.11.3.rel1.win32_1.1.0.202305231506/tools/bin/../lib/gcc/arm-none-eabi/11.3.1/thumb/v7e-m+fp/hard\libgcc.a(_arm_addsubdf3.o)
                0x0000000008000280                __aeabi_drsub
                0x0000000008000288                __aeabi_dsub
                0x0000000008000288                __subdf3
                0x000000000800028c                __aeabi_dadd
                0x000000000800028c                __adddf3
                0x0000000008000504                __floatunsidf
                0x0000000008000504                __aeabi_ui2d
                0x0000000008000524                __floatsidf
                0x0000000008000524                __aeabi_i2d
                0x0000000008000548                __aeabi_f2d
                0x0000000008000548                __extendsfdf2
                0x000000000800058c                __floatundidf
                0x000000000800058c                __aeabi_ul2d
                0x000000000800059c                __floatdidf
                0x000000000800059c                __aeabi_l2d
 .text          0x00000000080005f8      0x424 D:/CubeIDE/STM32CubeIDE_1.13.0/STM32CubeIDE/plugins/com.st.stm32cube.ide.mcu.externaltools.gnu-tools-for-stm32.11.3.rel1.win32_1.1.0.202305231506/tools/bin/../lib/gcc/arm-none-eabi/11.3.1/thumb/v7e-m+fp/hard\libgcc.a(_arm_muldivdf3.o)
                0x00000000080005f8                __aeabi_dmul
                0x00000000080005f8                __muldf3
                0x000000000800084c                __divdf3
                0x000000000800084c                __aeabi_ddiv
 .text          0x0000000008000a1c      0x110 D:/CubeIDE/STM32CubeIDE_1.13.0/STM32CubeIDE/plugins/com.st.stm32cube.ide.mcu.externaltools.gnu-tools-for-stm32.11.3.rel1.win32_1.1.0.202305231506/tools/bin/../lib/gcc/arm-none-eabi/11.3.1/thumb/v7e-m+fp/hard\libgcc.a(_arm_cmpdf2.o)
                0x0000000008000a1c                __gtdf2
                0x0000000008000a1c                __gedf2
                0x0000000008000a24                __ltdf2
                0x0000000008000a24                __ledf2
                0x0000000008000a2c                __nedf2
                0x0000000008000a2c                __eqdf2
                0x0000000008000a2c                __cmpdf2
                0x0000000008000aa8                __aeabi_cdrcmple
                0x0000000008000ab8                __aeabi_cdcmpeq
                0x0000000008000ab8                __aeabi_cdcmple
                0x0000000008000ac8                __aeabi_dcmpeq
                0x0000000008000adc                __aeabi_dcmplt
                0x0000000008000af0                __aeabi_dcmple
                0x0000000008000b04                __aeabi_dcmpge
                0x0000000008000b18                __aeabi_dcmpgt
 .text          0x0000000008000b2c       0x2c D:/CubeIDE/STM32CubeIDE_1.13.0/STM32CubeIDE/plugins/com.st.stm32cube.ide.mcu.externaltools.gnu-tools-for-stm32.11.3.rel1.win32_1.1.0.202305231506/tools/bin/../lib/gcc/arm-none-eabi/11.3.1/thumb/v7e-m+fp/hard\libgcc.a(_arm_unorddf2.o)
                0x0000000008000b2c                __unorddf2
                0x0000000008000b2c                __aeabi_dcmpun
 .text          0x0000000008000b58       0x50 D:/CubeIDE/STM32CubeIDE_1.13.0/STM32CubeIDE/plugins/com.st.stm32cube.ide.mcu.externaltools.gnu-tools-for-stm32.11.3.rel1.win32_1.1.0.202305231506/tools/bin/../lib/gcc/arm-none-eabi/11.3.1/thumb/v7e-m+fp/hard\libgcc.a(_arm_fixdfsi.o)
                0x0000000008000b58                __aeabi_d2iz
                0x0000000008000b58                __fixdfsi
 .text          0x0000000008000ba8       0x40 D:/CubeIDE/STM32CubeIDE_1.13.0/STM32CubeIDE/plugins/com.st.stm32cube.ide.mcu.externaltools.gnu-tools-for-stm32.11.3.rel1.win32_1.1.0.202305231506/tools/bin/../lib/gcc/arm-none-eabi/11.3.1/thumb/v7e-m+fp/hard\libgcc.a(_arm_fixunsdfsi.o)
                0x0000000008000ba8                __aeabi_d2uiz
                0x0000000008000ba8                __fixunsdfsi
 .text          0x0000000008000be8       0xa0 D:/CubeIDE/STM32CubeIDE_1.13.0/STM32CubeIDE/plugins/com.st.stm32cube.ide.mcu.externaltools.gnu-tools-for-stm32.11.3.rel1.win32_1.1.0.202305231506/tools/bin/../lib/gcc/arm-none-eabi/11.3.1/thumb/v7e-m+fp/hard\libgcc.a(_arm_truncdfsf2.o)
                0x0000000008000be8                __truncdfsf2
                0x0000000008000be8                __aeabi_d2f
 *(.text*)
 .text.decodeGGA
                0x0000000008000c88      0x4c0 ./Core/Src/NMEA.o
                0x0000000008000c88                decodeGGA
 .text.decodeRMC
                0x0000000008001148      0x2cc ./Core/Src/NMEA.o
                0x0000000008001148                decodeRMC
 .text.getGPS   0x0000000008001414       0xc0 ./Core/Src/NMEA.o
                0x0000000008001414                getGPS
 .text.store_char
                0x00000000080014d4       0x1e ./Core/Src/UartRingbuffer.o
                0x00000000080014d4                store_char
 *fill*         0x00000000080014f2        0x2 
 .text.Uart_read
                0x00000000080014f4       0x30 ./Core/Src/UartRingbuffer.o
                0x00000000080014f4                Uart_read
 .text.IsDataAvailable
                0x0000000008001524       0x18 ./Core/Src/UartRingbuffer.o
                0x0000000008001524                IsDataAvailable
 .text.Uart_peek
                0x000000000800153c       0x24 ./Core/Src/UartRingbuffer.o
                0x000000000800153c                Uart_peek
 .text.Copy_upto
                0x0000000008001560       0xa4 ./Core/Src/UartRingbuffer.o
                0x0000000008001560                Copy_upto
 .text.Wait_for
                0x0000000008001604       0xb8 ./Core/Src/UartRingbuffer.o
                0x0000000008001604                Wait_for
 .text.Uart_isr
                0x00000000080016bc       0x70 ./Core/Src/UartRingbuffer.o
                0x00000000080016bc                Uart_isr
 .text.read_calibration_data
                0x000000000800172c      0x114 ./Core/Src/bmp180.o
                0x000000000800172c                read_calibration_data
 .text.Get_UPress
                0x0000000008001840       0xa0 ./Core/Src/bmp180.o
                0x0000000008001840                Get_UPress
 .text.bmp180_getpress
                0x00000000080018e0      0x2c4 ./Core/Src/bmp180.o
                0x00000000080018e0                bmp180_getpress
 *fill*         0x0000000008001ba4        0x4 
 .text.bmp180_getalt
                0x0000000008001ba8       0x6c ./Core/Src/bmp180.o
                0x0000000008001ba8                bmp180_getalt
 .text.bmp180_init
                0x0000000008001c14        0x8 ./Core/Src/bmp180.o
                0x0000000008001c14                bmp180_init
 .text.hmc5883_init
                0x0000000008001c1c       0xc0 ./Core/Src/hmc5883.o
                0x0000000008001c1c                hmc5883_init
 *fill*         0x0000000008001cdc        0x4 
 .text.hmc5883_read
                0x0000000008001ce0      0x168 ./Core/Src/hmc5883.o
                0x0000000008001ce0                hmc5883_read
 .text.hmc5883_getYaw
                0x0000000008001e48      0x2ec ./Core/Src/hmc5883.o
                0x0000000008001e48                hmc5883_getYaw
 *fill*         0x0000000008002134        0x4 
 .text.simpleKalmanX
                0x0000000008002138       0x8c ./Core/Src/kalman.o
                0x0000000008002138                simpleKalmanX
 *fill*         0x00000000080021c4        0x4 
 .text.simpleKalmanY
                0x00000000080021c8       0x7c ./Core/Src/kalman.o
                0x00000000080021c8                simpleKalmanY
 *fill*         0x0000000008002244        0x4 
 .text.simpleKalmanZ
                0x0000000008002248       0x8c ./Core/Src/kalman.o
                0x0000000008002248                simpleKalmanZ
 *fill*         0x00000000080022d4        0x4 
 .text.simpleKalmanXE
                0x00000000080022d8       0x8c ./Core/Src/kalman.o
                0x00000000080022d8                simpleKalmanXE
 *fill*         0x0000000008002364        0x4 
 .text.simpleKalmanYE
                0x0000000008002368       0x7c ./Core/Src/kalman.o
                0x0000000008002368                simpleKalmanYE
 *fill*         0x00000000080023e4        0x4 
 .text.simpleKalmanZE
                0x00000000080023e8       0x8c ./Core/Src/kalman.o
                0x00000000080023e8                simpleKalmanZE
 *fill*         0x0000000008002474        0x4 
 .text.simpleKalmanOMEGA_X
                0x0000000008002478       0x8c ./Core/Src/kalman.o
                0x0000000008002478                simpleKalmanOMEGA_X
 *fill*         0x0000000008002504        0x4 
 .text.simpleKalmanOMEGA_Y
                0x0000000008002508       0x7c ./Core/Src/kalman.o
                0x0000000008002508                simpleKalmanOMEGA_Y
 *fill*         0x0000000008002584        0x4 
 .text.simpleKalmanOMEGA_Z
                0x0000000008002588       0x8c ./Core/Src/kalman.o
                0x0000000008002588                simpleKalmanOMEGA_Z
 *fill*         0x0000000008002614        0x4 
 .text.simpleKalmanYAW
                0x0000000008002618       0xd0 ./Core/Src/kalman.o
                0x0000000008002618                simpleKalmanYAW
 .text.simpleKalmanVxGPS
                0x00000000080026e8       0x8c ./Core/Src/kalman.o
                0x00000000080026e8                simpleKalmanVxGPS
 *fill*         0x0000000008002774        0x4 
 .text.simpleKalmanVyGPS
                0x0000000008002778       0x8c ./Core/Src/kalman.o
                0x0000000008002778                simpleKalmanVyGPS
 *fill*         0x0000000008002804        0x4 
 .text.simpleKalmanVzGPS
                0x0000000008002808       0x8c ./Core/Src/kalman.o
                0x0000000008002808                simpleKalmanVzGPS
 .text.getKalmanA
                0x0000000008002894       0x70 ./Core/Src/kalman.o
                0x0000000008002894                getKalmanA
 .text.getKalmanCSE
                0x0000000008002904       0x60 ./Core/Src/kalman.o
                0x0000000008002904                getKalmanCSE
 .text.getKalmanOMEGA
                0x0000000008002964       0x7c ./Core/Src/kalman.o
                0x0000000008002964                getKalmanOMEGA
 .text.getKalmanVGPS
                0x00000000080029e0       0x60 ./Core/Src/kalman.o
                0x00000000080029e0                getKalmanVGPS
 .text.Set_Servo_RightWing.2
                0x0000000008002a40       0x50 ./Core/Src/main.o
 .text.Set_Servo_LeftWing.3
                0x0000000008002a90       0x50 ./Core/Src/main.o
 .text.Set_Servo_Elevator.4
                0x0000000008002ae0       0x50 ./Core/Src/main.o
 .text.Set_Servo_Rudder.0
                0x0000000008002b30       0x50 ./Core/Src/main.o
 .text.Set_Servo_CargoHatch.5
                0x0000000008002b80       0x4c ./Core/Src/main.o
 .text.Set_Engine_Speed.1
                0x0000000008002bcc       0x50 ./Core/Src/main.o
 .text.MX_GPIO_Init
                0x0000000008002c1c       0x78 ./Core/Src/main.o
 .text.Turn_Matrix
                0x0000000008002c94      0x1d4 ./Core/Src/main.o
                0x0000000008002c94                Turn_Matrix
 .text.Matrix_multiply
                0x0000000008002e68       0x5c ./Core/Src/main.o
                0x0000000008002e68                Matrix_multiply
 .text.Error_Handler
                0x0000000008002ec4        0x4 ./Core/Src/main.o
                0x0000000008002ec4                Error_Handler
 .text.MX_I2C1_Init
                0x0000000008002ec8       0x54 ./Core/Src/main.o
 .text.MX_USART1_UART_Init
                0x0000000008002f1c       0x38 ./Core/Src/main.o
 .text.MX_I2C2_Init
                0x0000000008002f54       0x54 ./Core/Src/main.o
 .text.MX_TIM1_Init
                0x0000000008002fa8       0xf4 ./Core/Src/main.o
 .text.MX_TIM2_Init
                0x000000000800309c       0x8c ./Core/Src/main.o
 .text.MX_USART2_UART_Init
                0x0000000008003128       0x38 ./Core/Src/main.o
 .text.MX_USART3_UART_Init
                0x0000000008003160       0x38 ./Core/Src/main.o
 .text.SystemClock_Config
                0x0000000008003198       0x84 ./Core/Src/main.o
                0x0000000008003198                SystemClock_Config
 *fill*         0x000000000800321c        0x4 
 .text.main     0x0000000008003220     0x1930 ./Core/Src/main.o
                0x0000000008003220                main
 .text.mpu6050_init
                0x0000000008004b50       0xf8 ./Core/Src/mpu6050.o
                0x0000000008004b50                mpu6050_init
 .text.mpu6050_read
                0x0000000008004c48      0x310 ./Core/Src/mpu6050.o
                0x0000000008004c48                mpu6050_read
 .text.ms4525_init
                0x0000000008004f58       0x28 ./Core/Src/ms4525.o
                0x0000000008004f58                ms4525_init
 .text.ms4525_read
                0x0000000008004f80      0x1b8 ./Core/Src/ms4525.o
                0x0000000008004f80                ms4525_read
 .text.HAL_MspInit
                0x0000000008005138       0x3c ./Core/Src/stm32f3xx_hal_msp.o
                0x0000000008005138                HAL_MspInit
 .text.HAL_I2C_MspInit
                0x0000000008005174       0xb8 ./Core/Src/stm32f3xx_hal_msp.o
                0x0000000008005174                HAL_I2C_MspInit
 .text.HAL_TIM_PWM_MspInit
                0x000000000800522c       0x4c ./Core/Src/stm32f3xx_hal_msp.o
                0x000000000800522c                HAL_TIM_PWM_MspInit
 .text.HAL_TIM_MspPostInit
                0x0000000008005278       0x88 ./Core/Src/stm32f3xx_hal_msp.o
                0x0000000008005278                HAL_TIM_MspPostInit
 .text.HAL_UART_MspInit
                0x0000000008005300      0x160 ./Core/Src/stm32f3xx_hal_msp.o
                0x0000000008005300                HAL_UART_MspInit
 .text.NMI_Handler
                0x0000000008005460        0x2 ./Core/Src/stm32f3xx_it.o
                0x0000000008005460                NMI_Handler
 .text.HardFault_Handler
                0x0000000008005462        0x2 ./Core/Src/stm32f3xx_it.o
                0x0000000008005462                HardFault_Handler
 .text.MemManage_Handler
                0x0000000008005464        0x2 ./Core/Src/stm32f3xx_it.o
                0x0000000008005464                MemManage_Handler
 .text.BusFault_Handler
                0x0000000008005466        0x2 ./Core/Src/stm32f3xx_it.o
                0x0000000008005466                BusFault_Handler
 .text.UsageFault_Handler
                0x0000000008005468        0x2 ./Core/Src/stm32f3xx_it.o
                0x0000000008005468                UsageFault_Handler
 .text.SVC_Handler
                0x000000000800546a        0x2 ./Core/Src/stm32f3xx_it.o
                0x000000000800546a                SVC_Handler
 .text.DebugMon_Handler
                0x000000000800546c        0x2 ./Core/Src/stm32f3xx_it.o
                0x000000000800546c                DebugMon_Handler
 .text.PendSV_Handler
                0x000000000800546e        0x2 ./Core/Src/stm32f3xx_it.o
                0x000000000800546e                PendSV_Handler
 .text.SysTick_Handler
                0x0000000008005470       0x18 ./Core/Src/stm32f3xx_it.o
                0x0000000008005470                SysTick_Handler
 .text.USART1_IRQHandler
                0x0000000008005488       0x10 ./Core/Src/stm32f3xx_it.o
                0x0000000008005488                USART1_IRQHandler
 .text._getpid  0x0000000008005498        0x4 ./Core/Src/syscalls.o
                0x0000000008005498                _getpid
 .text._kill    0x000000000800549c       0x10 ./Core/Src/syscalls.o
                0x000000000800549c                _kill
 .text._exit    0x00000000080054ac        0xc ./Core/Src/syscalls.o
                0x00000000080054ac                _exit
 .text._read    0x00000000080054b8       0x20 ./Core/Src/syscalls.o
                0x00000000080054b8                _read
 .text._write   0x00000000080054d8       0x1c ./Core/Src/syscalls.o
                0x00000000080054d8                _write
 .text._close   0x00000000080054f4        0x6 ./Core/Src/syscalls.o
                0x00000000080054f4                _close
 .text._fstat   0x00000000080054fa        0xa ./Core/Src/syscalls.o
                0x00000000080054fa                _fstat
 .text._isatty  0x0000000008005504        0x4 ./Core/Src/syscalls.o
                0x0000000008005504                _isatty
 .text._lseek   0x0000000008005508        0x4 ./Core/Src/syscalls.o
                0x0000000008005508                _lseek
 .text._sbrk    0x000000000800550c       0x48 ./Core/Src/sysmem.o
                0x000000000800550c                _sbrk
 .text.SystemInit
                0x0000000008005554       0x14 ./Core/Src/system_stm32f3xx.o
                0x0000000008005554                SystemInit
 .text.Vslet_Trajectory
                0x0000000008005568        0x2 ./Core/Src/trajectory.o
                0x0000000008005568                Vslet_Trajectory
 .text.Get_point_traj
                0x000000000800556a        0x6 ./Core/Src/trajectory.o
                0x000000000800556a                Get_point_traj
 .text.Reset_Handler
                0x0000000008005570       0x50 ./Core/Startup/startup_stm32f303vctx.o
                0x0000000008005570                Reset_Handler
 .text.Default_Handler
                0x00000000080055c0        0x2 ./Core/Startup/startup_stm32f303vctx.o
                0x00000000080055c0                RTC_Alarm_IRQHandler
                0x00000000080055c0                TIM8_TRG_COM_IRQHandler
                0x00000000080055c0                TIM8_CC_IRQHandler
                0x00000000080055c0                TIM1_CC_IRQHandler
                0x00000000080055c0                USB_HP_IRQHandler
                0x00000000080055c0                PVD_IRQHandler
                0x00000000080055c0                TAMP_STAMP_IRQHandler
                0x00000000080055c0                EXTI3_IRQHandler
                0x00000000080055c0                USB_HP_CAN_TX_IRQHandler
                0x00000000080055c0                EXTI0_IRQHandler
                0x00000000080055c0                I2C2_EV_IRQHandler
                0x00000000080055c0                FPU_IRQHandler
                0x00000000080055c0                TIM1_UP_TIM16_IRQHandler
                0x00000000080055c0                ADC1_2_IRQHandler
                0x00000000080055c0                SPI1_IRQHandler
                0x00000000080055c0                CAN_SCE_IRQHandler
                0x00000000080055c0                TIM6_DAC_IRQHandler
                0x00000000080055c0                TIM8_UP_IRQHandler
                0x00000000080055c0                DMA2_Channel2_IRQHandler
                0x00000000080055c0                DMA1_Channel4_IRQHandler
                0x00000000080055c0                USART3_IRQHandler
                0x00000000080055c0                DMA1_Channel7_IRQHandler
                0x00000000080055c0                UART5_IRQHandler
                0x00000000080055c0                ADC3_IRQHandler
                0x00000000080055c0                TIM4_IRQHandler
                0x00000000080055c0                CAN_RX1_IRQHandler
                0x00000000080055c0                DMA2_Channel1_IRQHandler
                0x00000000080055c0                I2C1_EV_IRQHandler
                0x00000000080055c0                DMA1_Channel6_IRQHandler
                0x00000000080055c0                UART4_IRQHandler
                0x00000000080055c0                DMA2_Channel4_IRQHandler
                0x00000000080055c0                TIM3_IRQHandler
                0x00000000080055c0                RCC_IRQHandler
                0x00000000080055c0                DMA1_Channel1_IRQHandler
                0x00000000080055c0                Default_Handler
                0x00000000080055c0                USBWakeUp_RMP_IRQHandler
                0x00000000080055c0                EXTI15_10_IRQHandler
                0x00000000080055c0                TIM7_IRQHandler
                0x00000000080055c0                EXTI9_5_IRQHandler
                0x00000000080055c0                RTC_WKUP_IRQHandler
                0x00000000080055c0                SPI2_IRQHandler
                0x00000000080055c0                USB_LP_CAN_RX0_IRQHandler
                0x00000000080055c0                DMA2_Channel5_IRQHandler
                0x00000000080055c0                DMA1_Channel5_IRQHandler
                0x00000000080055c0                USB_LP_IRQHandler
                0x00000000080055c0                EXTI4_IRQHandler
                0x00000000080055c0                TIM1_TRG_COM_TIM17_IRQHandler
                0x00000000080055c0                DMA1_Channel3_IRQHandler
                0x00000000080055c0                ADC4_IRQHandler
                0x00000000080055c0                WWDG_IRQHandler
                0x00000000080055c0                TIM2_IRQHandler
                0x00000000080055c0                COMP7_IRQHandler
                0x00000000080055c0                COMP1_2_3_IRQHandler
                0x00000000080055c0                EXTI1_IRQHandler
                0x00000000080055c0                USART2_IRQHandler
                0x00000000080055c0                COMP4_5_6_IRQHandler
                0x00000000080055c0                I2C2_ER_IRQHandler
                0x00000000080055c0                DMA1_Channel2_IRQHandler
                0x00000000080055c0                TIM8_BRK_IRQHandler
                0x00000000080055c0                FLASH_IRQHandler
                0x00000000080055c0                SPI3_IRQHandler
                0x00000000080055c0                I2C1_ER_IRQHandler
                0x00000000080055c0                USBWakeUp_IRQHandler
                0x00000000080055c0                DMA2_Channel3_IRQHandler
                0x00000000080055c0                EXTI2_TSC_IRQHandler
                0x00000000080055c0                TIM1_BRK_TIM15_IRQHandler
 *fill*         0x00000000080055c2        0x2 
 .text.HAL_InitTick
                0x00000000080055c4       0x4c ./Drivers/STM32F3xx_HAL_Driver/Src/stm32f3xx_hal.o
                0x00000000080055c4                HAL_InitTick
 .text.HAL_Init
                0x0000000008005610       0x24 ./Drivers/STM32F3xx_HAL_Driver/Src/stm32f3xx_hal.o
                0x0000000008005610                HAL_Init
 .text.HAL_IncTick
                0x0000000008005634       0x18 ./Drivers/STM32F3xx_HAL_Driver/Src/stm32f3xx_hal.o
                0x0000000008005634                HAL_IncTick
 .text.HAL_GetTick
                0x000000000800564c        0xc ./Drivers/STM32F3xx_HAL_Driver/Src/stm32f3xx_hal.o
                0x000000000800564c                HAL_GetTick
 .text.HAL_Delay
                0x0000000008005658       0x28 ./Drivers/STM32F3xx_HAL_Driver/Src/stm32f3xx_hal.o
                0x0000000008005658                HAL_Delay
 .text.HAL_NVIC_SetPriorityGrouping
                0x0000000008005680       0x24 ./Drivers/STM32F3xx_HAL_Driver/Src/stm32f3xx_hal_cortex.o
                0x0000000008005680                HAL_NVIC_SetPriorityGrouping
 .text.HAL_NVIC_SetPriority
                0x00000000080056a4       0x70 ./Drivers/STM32F3xx_HAL_Driver/Src/stm32f3xx_hal_cortex.o
                0x00000000080056a4                HAL_NVIC_SetPriority
 .text.HAL_SYSTICK_Config
                0x0000000008005714       0x28 ./Drivers/STM32F3xx_HAL_Driver/Src/stm32f3xx_hal_cortex.o
                0x0000000008005714                HAL_SYSTICK_Config
 .text.HAL_GPIO_Init
                0x000000000800573c      0x1c8 ./Drivers/STM32F3xx_HAL_Driver/Src/stm32f3xx_hal_gpio.o
                0x000000000800573c                HAL_GPIO_Init
 .text.I2C_Flush_TXDR
                0x0000000008005904       0x22 ./Drivers/STM32F3xx_HAL_Driver/Src/stm32f3xx_hal_i2c.o
 .text.I2C_TransferConfig
                0x0000000008005926       0x3c ./Drivers/STM32F3xx_HAL_Driver/Src/stm32f3xx_hal_i2c.o
 .text.I2C_IsErrorOccurred
                0x0000000008005962      0x114 ./Drivers/STM32F3xx_HAL_Driver/Src/stm32f3xx_hal_i2c.o
 .text.I2C_WaitOnTXISFlagUntilTimeout
                0x0000000008005a76       0x60 ./Drivers/STM32F3xx_HAL_Driver/Src/stm32f3xx_hal_i2c.o
 .text.I2C_WaitOnFlagUntilTimeout
                0x0000000008005ad6       0x6a ./Drivers/STM32F3xx_HAL_Driver/Src/stm32f3xx_hal_i2c.o
 .text.I2C_RequestMemoryWrite
                0x0000000008005b40       0x7c ./Drivers/STM32F3xx_HAL_Driver/Src/stm32f3xx_hal_i2c.o
 .text.I2C_RequestMemoryRead
                0x0000000008005bbc       0x78 ./Drivers/STM32F3xx_HAL_Driver/Src/stm32f3xx_hal_i2c.o
 .text.I2C_WaitOnSTOPFlagUntilTimeout
                0x0000000008005c34       0x5e ./Drivers/STM32F3xx_HAL_Driver/Src/stm32f3xx_hal_i2c.o
 .text.HAL_I2C_Init
                0x0000000008005c92       0xbc ./Drivers/STM32F3xx_HAL_Driver/Src/stm32f3xx_hal_i2c.o
                0x0000000008005c92                HAL_I2C_Init
 .text.HAL_I2C_Mem_Write
                0x0000000008005d4e      0x1a8 ./Drivers/STM32F3xx_HAL_Driver/Src/stm32f3xx_hal_i2c.o
                0x0000000008005d4e                HAL_I2C_Mem_Write
 *fill*         0x0000000008005ef6        0x2 
 .text.HAL_I2C_Mem_Read
                0x0000000008005ef8      0x1b0 ./Drivers/STM32F3xx_HAL_Driver/Src/stm32f3xx_hal_i2c.o
                0x0000000008005ef8                HAL_I2C_Mem_Read
 .text.HAL_I2C_IsDeviceReady
                0x00000000080060a8      0x170 ./Drivers/STM32F3xx_HAL_Driver/Src/stm32f3xx_hal_i2c.o
                0x00000000080060a8                HAL_I2C_IsDeviceReady
 .text.HAL_I2CEx_ConfigAnalogFilter
                0x0000000008006218       0x5c ./Drivers/STM32F3xx_HAL_Driver/Src/stm32f3xx_hal_i2c_ex.o
                0x0000000008006218                HAL_I2CEx_ConfigAnalogFilter
 .text.HAL_I2CEx_ConfigDigitalFilter
                0x0000000008006274       0x58 ./Drivers/STM32F3xx_HAL_Driver/Src/stm32f3xx_hal_i2c_ex.o
                0x0000000008006274                HAL_I2CEx_ConfigDigitalFilter
 .text.HAL_RCC_OscConfig
                0x00000000080062cc      0x630 ./Drivers/STM32F3xx_HAL_Driver/Src/stm32f3xx_hal_rcc.o
                0x00000000080062cc                HAL_RCC_OscConfig
 .text.HAL_RCC_GetSysClockFreq
                0x00000000080068fc       0x70 ./Drivers/STM32F3xx_HAL_Driver/Src/stm32f3xx_hal_rcc.o
                0x00000000080068fc                HAL_RCC_GetSysClockFreq
 .text.HAL_RCC_ClockConfig
                0x000000000800696c      0x1a8 ./Drivers/STM32F3xx_HAL_Driver/Src/stm32f3xx_hal_rcc.o
                0x000000000800696c                HAL_RCC_ClockConfig
 .text.HAL_RCC_GetHCLKFreq
                0x0000000008006b14        0xc ./Drivers/STM32F3xx_HAL_Driver/Src/stm32f3xx_hal_rcc.o
                0x0000000008006b14                HAL_RCC_GetHCLKFreq
 .text.HAL_RCC_GetPCLK1Freq
                0x0000000008006b20       0x2c ./Drivers/STM32F3xx_HAL_Driver/Src/stm32f3xx_hal_rcc.o
                0x0000000008006b20                HAL_RCC_GetPCLK1Freq
 .text.HAL_RCC_GetPCLK2Freq
                0x0000000008006b4c       0x2c ./Drivers/STM32F3xx_HAL_Driver/Src/stm32f3xx_hal_rcc.o
                0x0000000008006b4c                HAL_RCC_GetPCLK2Freq
 .text.HAL_RCCEx_PeriphCLKConfig
                0x0000000008006b78      0x260 ./Drivers/STM32F3xx_HAL_Driver/Src/stm32f3xx_hal_rcc_ex.o
                0x0000000008006b78                HAL_RCCEx_PeriphCLKConfig
 .text.TIM_OC1_SetConfig
                0x0000000008006dd8       0x9c ./Drivers/STM32F3xx_HAL_Driver/Src/stm32f3xx_hal_tim.o
 .text.TIM_OC3_SetConfig
                0x0000000008006e74       0x8c ./Drivers/STM32F3xx_HAL_Driver/Src/stm32f3xx_hal_tim.o
 .text.TIM_OC4_SetConfig
                0x0000000008006f00       0x6c ./Drivers/STM32F3xx_HAL_Driver/Src/stm32f3xx_hal_tim.o
 .text.TIM_OC5_SetConfig
                0x0000000008006f6c       0x68 ./Drivers/STM32F3xx_HAL_Driver/Src/stm32f3xx_hal_tim.o
 .text.TIM_OC6_SetConfig
                0x0000000008006fd4       0x6c ./Drivers/STM32F3xx_HAL_Driver/Src/stm32f3xx_hal_tim.o
 .text.TIM_Base_SetConfig
                0x0000000008007040       0xb8 ./Drivers/STM32F3xx_HAL_Driver/Src/stm32f3xx_hal_tim.o
                0x0000000008007040                TIM_Base_SetConfig
 .text.HAL_TIM_PWM_Init
                0x00000000080070f8       0x60 ./Drivers/STM32F3xx_HAL_Driver/Src/stm32f3xx_hal_tim.o
                0x00000000080070f8                HAL_TIM_PWM_Init
 .text.TIM_OC2_SetConfig
                0x0000000008007158       0x8c ./Drivers/STM32F3xx_HAL_Driver/Src/stm32f3xx_hal_tim.o
                0x0000000008007158                TIM_OC2_SetConfig
 .text.HAL_TIM_PWM_ConfigChannel
                0x00000000080071e4      0x13a ./Drivers/STM32F3xx_HAL_Driver/Src/stm32f3xx_hal_tim.o
                0x00000000080071e4                HAL_TIM_PWM_ConfigChannel
 .text.TIM_CCxChannelCmd
                0x000000000800731e       0x1e ./Drivers/STM32F3xx_HAL_Driver/Src/stm32f3xx_hal_tim.o
                0x000000000800731e                TIM_CCxChannelCmd
 .text.HAL_TIM_PWM_Start
                0x000000000800733c      0x160 ./Drivers/STM32F3xx_HAL_Driver/Src/stm32f3xx_hal_tim.o
                0x000000000800733c                HAL_TIM_PWM_Start
 .text.HAL_TIMEx_MasterConfigSynchronization
                0x000000000800749c       0x90 ./Drivers/STM32F3xx_HAL_Driver/Src/stm32f3xx_hal_tim_ex.o
                0x000000000800749c                HAL_TIMEx_MasterConfigSynchronization
 .text.HAL_TIMEx_ConfigBreakDeadTime
                0x000000000800752c       0x90 ./Drivers/STM32F3xx_HAL_Driver/Src/stm32f3xx_hal_tim_ex.o
                0x000000000800752c                HAL_TIMEx_ConfigBreakDeadTime
 .text.UART_EndRxTransfer
                0x00000000080075bc       0x52 ./Drivers/STM32F3xx_HAL_Driver/Src/stm32f3xx_hal_uart.o
 *fill*         0x000000000800760e        0x2 
 .text.UART_SetConfig
                0x0000000008007610      0x250 ./Drivers/STM32F3xx_HAL_Driver/Src/stm32f3xx_hal_uart.o
                0x0000000008007610                UART_SetConfig
 .text.UART_AdvFeatureConfig
                0x0000000008007860       0xca ./Drivers/STM32F3xx_HAL_Driver/Src/stm32f3xx_hal_uart.o
                0x0000000008007860                UART_AdvFeatureConfig
 .text.UART_WaitOnFlagUntilTimeout
                0x000000000800792a       0x96 ./Drivers/STM32F3xx_HAL_Driver/Src/stm32f3xx_hal_uart.o
                0x000000000800792a                UART_WaitOnFlagUntilTimeout
 .text.UART_CheckIdleState
                0x00000000080079c0       0xc6 ./Drivers/STM32F3xx_HAL_Driver/Src/stm32f3xx_hal_uart.o
                0x00000000080079c0                UART_CheckIdleState
 .text.HAL_UART_Init
                0x0000000008007a86       0x62 ./Drivers/STM32F3xx_HAL_Driver/Src/stm32f3xx_hal_uart.o
                0x0000000008007a86                HAL_UART_Init
 .text.atoi     0x0000000008007ae8        0x8 D:/CubeIDE/STM32CubeIDE_1.13.0/STM32CubeIDE/plugins/com.st.stm32cube.ide.mcu.externaltools.gnu-tools-for-stm32.11.3.rel1.win32_1.1.0.202305231506/tools/bin/../lib/gcc/arm-none-eabi/11.3.1/../../../../arm-none-eabi/lib/thumb/v7e-m+fp/hard\libc_nano.a(libc_a-atoi.o)
                0x0000000008007ae8                atoi
 .text._strtol_l.constprop.0
                0x0000000008007af0      0x104 D:/CubeIDE/STM32CubeIDE_1.13.0/STM32CubeIDE/plugins/com.st.stm32cube.ide.mcu.externaltools.gnu-tools-for-stm32.11.3.rel1.win32_1.1.0.202305231506/tools/bin/../lib/gcc/arm-none-eabi/11.3.1/../../../../arm-none-eabi/lib/thumb/v7e-m+fp/hard\libc_nano.a(libc_a-strtol.o)
 .text.strtol   0x0000000008007bf4       0x14 D:/CubeIDE/STM32CubeIDE_1.13.0/STM32CubeIDE/plugins/com.st.stm32cube.ide.mcu.externaltools.gnu-tools-for-stm32.11.3.rel1.win32_1.1.0.202305231506/tools/bin/../lib/gcc/arm-none-eabi/11.3.1/../../../../arm-none-eabi/lib/thumb/v7e-m+fp/hard\libc_nano.a(libc_a-strtol.o)
                0x0000000008007bf4                strtol
 .text.__cvt    0x0000000008007c08       0xc4 D:/CubeIDE/STM32CubeIDE_1.13.0/STM32CubeIDE/plugins/com.st.stm32cube.ide.mcu.externaltools.gnu-tools-for-stm32.11.3.rel1.win32_1.1.0.202305231506/tools/bin/../lib/gcc/arm-none-eabi/11.3.1/../../../../arm-none-eabi/lib/thumb/v7e-m+fp/hard\libc_nano.a(libc_a-nano-vfprintf_float.o)
                0x0000000008007c08                __cvt
 .text.__exponent
                0x0000000008007ccc       0x7c D:/CubeIDE/STM32CubeIDE_1.13.0/STM32CubeIDE/plugins/com.st.stm32cube.ide.mcu.externaltools.gnu-tools-for-stm32.11.3.rel1.win32_1.1.0.202305231506/tools/bin/../lib/gcc/arm-none-eabi/11.3.1/../../../../arm-none-eabi/lib/thumb/v7e-m+fp/hard\libc_nano.a(libc_a-nano-vfprintf_float.o)
                0x0000000008007ccc                __exponent
 .text._printf_float
                0x0000000008007d48      0x46c D:/CubeIDE/STM32CubeIDE_1.13.0/STM32CubeIDE/plugins/com.st.stm32cube.ide.mcu.externaltools.gnu-tools-for-stm32.11.3.rel1.win32_1.1.0.202305231506/tools/bin/../lib/gcc/arm-none-eabi/11.3.1/../../../../arm-none-eabi/lib/thumb/v7e-m+fp/hard\libc_nano.a(libc_a-nano-vfprintf_float.o)
                0x0000000008007d48                _printf_float
 .text._printf_common
                0x00000000080081b4       0xda D:/CubeIDE/STM32CubeIDE_1.13.0/STM32CubeIDE/plugins/com.st.stm32cube.ide.mcu.externaltools.gnu-tools-for-stm32.11.3.rel1.win32_1.1.0.202305231506/tools/bin/../lib/gcc/arm-none-eabi/11.3.1/../../../../arm-none-eabi/lib/thumb/v7e-m+fp/hard\libc_nano.a(libc_a-nano-vfprintf_i.o)
                0x00000000080081b4                _printf_common
 *fill*         0x000000000800828e        0x2 
 .text._printf_i
                0x0000000008008290      0x244 D:/CubeIDE/STM32CubeIDE_1.13.0/STM32CubeIDE/plugins/com.st.stm32cube.ide.mcu.externaltools.gnu-tools-for-stm32.11.3.rel1.win32_1.1.0.202305231506/tools/bin/../lib/gcc/arm-none-eabi/11.3.1/../../../../arm-none-eabi/lib/thumb/v7e-m+fp/hard\libc_nano.a(libc_a-nano-vfprintf_i.o)
                0x0000000008008290                _printf_i
 .text.std      0x00000000080084d4       0x48 D:/CubeIDE/STM32CubeIDE_1.13.0/STM32CubeIDE/plugins/com.st.stm32cube.ide.mcu.externaltools.gnu-tools-for-stm32.11.3.rel1.win32_1.1.0.202305231506/tools/bin/../lib/gcc/arm-none-eabi/11.3.1/../../../../arm-none-eabi/lib/thumb/v7e-m+fp/hard\libc_nano.a(libc_a-findfp.o)
 .text.stdio_exit_handler
                0x000000000800851c       0x18 D:/CubeIDE/STM32CubeIDE_1.13.0/STM32CubeIDE/plugins/com.st.stm32cube.ide.mcu.externaltools.gnu-tools-for-stm32.11.3.rel1.win32_1.1.0.202305231506/tools/bin/../lib/gcc/arm-none-eabi/11.3.1/../../../../arm-none-eabi/lib/thumb/v7e-m+fp/hard\libc_nano.a(libc_a-findfp.o)
 .text.cleanup_stdio
                0x0000000008008534       0x40 D:/CubeIDE/STM32CubeIDE_1.13.0/STM32CubeIDE/plugins/com.st.stm32cube.ide.mcu.externaltools.gnu-tools-for-stm32.11.3.rel1.win32_1.1.0.202305231506/tools/bin/../lib/gcc/arm-none-eabi/11.3.1/../../../../arm-none-eabi/lib/thumb/v7e-m+fp/hard\libc_nano.a(libc_a-findfp.o)
 .text.global_stdio_init.part.0
                0x0000000008008574       0x3c D:/CubeIDE/STM32CubeIDE_1.13.0/STM32CubeIDE/plugins/com.st.stm32cube.ide.mcu.externaltools.gnu-tools-for-stm32.11.3.rel1.win32_1.1.0.202305231506/tools/bin/../lib/gcc/arm-none-eabi/11.3.1/../../../../arm-none-eabi/lib/thumb/v7e-m+fp/hard\libc_nano.a(libc_a-findfp.o)
 .text.__sfp_lock_acquire
                0x00000000080085b0        0xc D:/CubeIDE/STM32CubeIDE_1.13.0/STM32CubeIDE/plugins/com.st.stm32cube.ide.mcu.externaltools.gnu-tools-for-stm32.11.3.rel1.win32_1.1.0.202305231506/tools/bin/../lib/gcc/arm-none-eabi/11.3.1/../../../../arm-none-eabi/lib/thumb/v7e-m+fp/hard\libc_nano.a(libc_a-findfp.o)
                0x00000000080085b0                __sfp_lock_acquire
 .text.__sfp_lock_release
                0x00000000080085bc        0xc D:/CubeIDE/STM32CubeIDE_1.13.0/STM32CubeIDE/plugins/com.st.stm32cube.ide.mcu.externaltools.gnu-tools-for-stm32.11.3.rel1.win32_1.1.0.202305231506/tools/bin/../lib/gcc/arm-none-eabi/11.3.1/../../../../arm-none-eabi/lib/thumb/v7e-m+fp/hard\libc_nano.a(libc_a-findfp.o)
                0x00000000080085bc                __sfp_lock_release
 .text.__sinit  0x00000000080085c8       0x30 D:/CubeIDE/STM32CubeIDE_1.13.0/STM32CubeIDE/plugins/com.st.stm32cube.ide.mcu.externaltools.gnu-tools-for-stm32.11.3.rel1.win32_1.1.0.202305231506/tools/bin/../lib/gcc/arm-none-eabi/11.3.1/../../../../arm-none-eabi/lib/thumb/v7e-m+fp/hard\libc_nano.a(libc_a-findfp.o)
                0x00000000080085c8                __sinit
 .text._fwalk_sglue
                0x00000000080085f8       0x3c D:/CubeIDE/STM32CubeIDE_1.13.0/STM32CubeIDE/plugins/com.st.stm32cube.ide.mcu.externaltools.gnu-tools-for-stm32.11.3.rel1.win32_1.1.0.202305231506/tools/bin/../lib/gcc/arm-none-eabi/11.3.1/../../../../arm-none-eabi/lib/thumb/v7e-m+fp/hard\libc_nano.a(libc_a-fwalk.o)
                0x00000000080085f8                _fwalk_sglue
 .text.__sread  0x0000000008008634       0x22 D:/CubeIDE/STM32CubeIDE_1.13.0/STM32CubeIDE/plugins/com.st.stm32cube.ide.mcu.externaltools.gnu-tools-for-stm32.11.3.rel1.win32_1.1.0.202305231506/tools/bin/../lib/gcc/arm-none-eabi/11.3.1/../../../../arm-none-eabi/lib/thumb/v7e-m+fp/hard\libc_nano.a(libc_a-stdio.o)
                0x0000000008008634                __sread
 .text.__swrite
                0x0000000008008656       0x38 D:/CubeIDE/STM32CubeIDE_1.13.0/STM32CubeIDE/plugins/com.st.stm32cube.ide.mcu.externaltools.gnu-tools-for-stm32.11.3.rel1.win32_1.1.0.202305231506/tools/bin/../lib/gcc/arm-none-eabi/11.3.1/../../../../arm-none-eabi/lib/thumb/v7e-m+fp/hard\libc_nano.a(libc_a-stdio.o)
                0x0000000008008656                __swrite
 .text.__sseek  0x000000000800868e       0x24 D:/CubeIDE/STM32CubeIDE_1.13.0/STM32CubeIDE/plugins/com.st.stm32cube.ide.mcu.externaltools.gnu-tools-for-stm32.11.3.rel1.win32_1.1.0.202305231506/tools/bin/../lib/gcc/arm-none-eabi/11.3.1/../../../../arm-none-eabi/lib/thumb/v7e-m+fp/hard\libc_nano.a(libc_a-stdio.o)
                0x000000000800868e                __sseek
 .text.__sclose
                0x00000000080086b2        0x8 D:/CubeIDE/STM32CubeIDE_1.13.0/STM32CubeIDE/plugins/com.st.stm32cube.ide.mcu.externaltools.gnu-tools-for-stm32.11.3.rel1.win32_1.1.0.202305231506/tools/bin/../lib/gcc/arm-none-eabi/11.3.1/../../../../arm-none-eabi/lib/thumb/v7e-m+fp/hard\libc_nano.a(libc_a-stdio.o)
                0x00000000080086b2                __sclose
 .text.memset   0x00000000080086ba       0x10 D:/CubeIDE/STM32CubeIDE_1.13.0/STM32CubeIDE/plugins/com.st.stm32cube.ide.mcu.externaltools.gnu-tools-for-stm32.11.3.rel1.win32_1.1.0.202305231506/tools/bin/../lib/gcc/arm-none-eabi/11.3.1/../../../../arm-none-eabi/lib/thumb/v7e-m+fp/hard\libc_nano.a(libc_a-memset.o)
                0x00000000080086ba                memset
 *fill*         0x00000000080086ca        0x2 
 .text._localeconv_r
                0x00000000080086cc        0x8 D:/CubeIDE/STM32CubeIDE_1.13.0/STM32CubeIDE/plugins/com.st.stm32cube.ide.mcu.externaltools.gnu-tools-for-stm32.11.3.rel1.win32_1.1.0.202305231506/tools/bin/../lib/gcc/arm-none-eabi/11.3.1/../../../../arm-none-eabi/lib/thumb/v7e-m+fp/hard\libc_nano.a(libc_a-localeconv.o)
                0x00000000080086cc                _localeconv_r
 .text._close_r
                0x00000000080086d4       0x20 D:/CubeIDE/STM32CubeIDE_1.13.0/STM32CubeIDE/plugins/com.st.stm32cube.ide.mcu.externaltools.gnu-tools-for-stm32.11.3.rel1.win32_1.1.0.202305231506/tools/bin/../lib/gcc/arm-none-eabi/11.3.1/../../../../arm-none-eabi/lib/thumb/v7e-m+fp/hard\libc_nano.a(libc_a-closer.o)
                0x00000000080086d4                _close_r
 .text._lseek_r
                0x00000000080086f4       0x24 D:/CubeIDE/STM32CubeIDE_1.13.0/STM32CubeIDE/plugins/com.st.stm32cube.ide.mcu.externaltools.gnu-tools-for-stm32.11.3.rel1.win32_1.1.0.202305231506/tools/bin/../lib/gcc/arm-none-eabi/11.3.1/../../../../arm-none-eabi/lib/thumb/v7e-m+fp/hard\libc_nano.a(libc_a-lseekr.o)
                0x00000000080086f4                _lseek_r
 .text._read_r  0x0000000008008718       0x24 D:/CubeIDE/STM32CubeIDE_1.13.0/STM32CubeIDE/plugins/com.st.stm32cube.ide.mcu.externaltools.gnu-tools-for-stm32.11.3.rel1.win32_1.1.0.202305231506/tools/bin/../lib/gcc/arm-none-eabi/11.3.1/../../../../arm-none-eabi/lib/thumb/v7e-m+fp/hard\libc_nano.a(libc_a-readr.o)
                0x0000000008008718                _read_r
 .text._write_r
                0x000000000800873c       0x24 D:/CubeIDE/STM32CubeIDE_1.13.0/STM32CubeIDE/plugins/com.st.stm32cube.ide.mcu.externaltools.gnu-tools-for-stm32.11.3.rel1.win32_1.1.0.202305231506/tools/bin/../lib/gcc/arm-none-eabi/11.3.1/../../../../arm-none-eabi/lib/thumb/v7e-m+fp/hard\libc_nano.a(libc_a-writer.o)
                0x000000000800873c                _write_r
 .text.__errno  0x0000000008008760        0xc D:/CubeIDE/STM32CubeIDE_1.13.0/STM32CubeIDE/plugins/com.st.stm32cube.ide.mcu.externaltools.gnu-tools-for-stm32.11.3.rel1.win32_1.1.0.202305231506/tools/bin/../lib/gcc/arm-none-eabi/11.3.1/../../../../arm-none-eabi/lib/thumb/v7e-m+fp/hard\libc_nano.a(libc_a-errno.o)
                0x0000000008008760                __errno
 .text.__libc_init_array
                0x000000000800876c       0x48 D:/CubeIDE/STM32CubeIDE_1.13.0/STM32CubeIDE/plugins/com.st.stm32cube.ide.mcu.externaltools.gnu-tools-for-stm32.11.3.rel1.win32_1.1.0.202305231506/tools/bin/../lib/gcc/arm-none-eabi/11.3.1/../../../../arm-none-eabi/lib/thumb/v7e-m+fp/hard\libc_nano.a(libc_a-init.o)
                0x000000000800876c                __libc_init_array
 .text.__retarget_lock_acquire_recursive
                0x00000000080087b4        0x2 D:/CubeIDE/STM32CubeIDE_1.13.0/STM32CubeIDE/plugins/com.st.stm32cube.ide.mcu.externaltools.gnu-tools-for-stm32.11.3.rel1.win32_1.1.0.202305231506/tools/bin/../lib/gcc/arm-none-eabi/11.3.1/../../../../arm-none-eabi/lib/thumb/v7e-m+fp/hard\libc_nano.a(libc_a-lock.o)
                0x00000000080087b4                __retarget_lock_acquire_recursive
 .text.__retarget_lock_release_recursive
                0x00000000080087b6        0x2 D:/CubeIDE/STM32CubeIDE_1.13.0/STM32CubeIDE/plugins/com.st.stm32cube.ide.mcu.externaltools.gnu-tools-for-stm32.11.3.rel1.win32_1.1.0.202305231506/tools/bin/../lib/gcc/arm-none-eabi/11.3.1/../../../../arm-none-eabi/lib/thumb/v7e-m+fp/hard\libc_nano.a(libc_a-lock.o)
                0x00000000080087b6                __retarget_lock_release_recursive
 .text.quorem   0x00000000080087b8      0x110 D:/CubeIDE/STM32CubeIDE_1.13.0/STM32CubeIDE/plugins/com.st.stm32cube.ide.mcu.externaltools.gnu-tools-for-stm32.11.3.rel1.win32_1.1.0.202305231506/tools/bin/../lib/gcc/arm-none-eabi/11.3.1/../../../../arm-none-eabi/lib/thumb/v7e-m+fp/hard\libc_nano.a(libc_a-dtoa.o)
 .text._dtoa_r  0x00000000080088c8      0xbe4 D:/CubeIDE/STM32CubeIDE_1.13.0/STM32CubeIDE/plugins/com.st.stm32cube.ide.mcu.externaltools.gnu-tools-for-stm32.11.3.rel1.win32_1.1.0.202305231506/tools/bin/../lib/gcc/arm-none-eabi/11.3.1/../../../../arm-none-eabi/lib/thumb/v7e-m+fp/hard\libc_nano.a(libc_a-dtoa.o)
                0x00000000080088c8                _dtoa_r
 .text._free_r  0x00000000080094ac       0x98 D:/CubeIDE/STM32CubeIDE_1.13.0/STM32CubeIDE/plugins/com.st.stm32cube.ide.mcu.externaltools.gnu-tools-for-stm32.11.3.rel1.win32_1.1.0.202305231506/tools/bin/../lib/gcc/arm-none-eabi/11.3.1/../../../../arm-none-eabi/lib/thumb/v7e-m+fp/hard\libc_nano.a(libc_a-freer.o)
                0x00000000080094ac                _free_r
 .text.malloc   0x0000000008009544       0x10 D:/CubeIDE/STM32CubeIDE_1.13.0/STM32CubeIDE/plugins/com.st.stm32cube.ide.mcu.externaltools.gnu-tools-for-stm32.11.3.rel1.win32_1.1.0.202305231506/tools/bin/../lib/gcc/arm-none-eabi/11.3.1/../../../../arm-none-eabi/lib/thumb/v7e-m+fp/hard\libc_nano.a(libc_a-malloc.o)
                0x0000000008009544                malloc
 .text.sbrk_aligned
                0x0000000008009554       0x40 D:/CubeIDE/STM32CubeIDE_1.13.0/STM32CubeIDE/plugins/com.st.stm32cube.ide.mcu.externaltools.gnu-tools-for-stm32.11.3.rel1.win32_1.1.0.202305231506/tools/bin/../lib/gcc/arm-none-eabi/11.3.1/../../../../arm-none-eabi/lib/thumb/v7e-m+fp/hard\libc_nano.a(libc_a-mallocr.o)
 .text._malloc_r
                0x0000000008009594      0x100 D:/CubeIDE/STM32CubeIDE_1.13.0/STM32CubeIDE/plugins/com.st.stm32cube.ide.mcu.externaltools.gnu-tools-for-stm32.11.3.rel1.win32_1.1.0.202305231506/tools/bin/../lib/gcc/arm-none-eabi/11.3.1/../../../../arm-none-eabi/lib/thumb/v7e-m+fp/hard\libc_nano.a(libc_a-mallocr.o)
                0x0000000008009594                _malloc_r
 .text.__malloc_lock
                0x0000000008009694        0xc D:/CubeIDE/STM32CubeIDE_1.13.0/STM32CubeIDE/plugins/com.st.stm32cube.ide.mcu.externaltools.gnu-tools-for-stm32.11.3.rel1.win32_1.1.0.202305231506/tools/bin/../lib/gcc/arm-none-eabi/11.3.1/../../../../arm-none-eabi/lib/thumb/v7e-m+fp/hard\libc_nano.a(libc_a-mlock.o)
                0x0000000008009694                __malloc_lock
 .text.__malloc_unlock
                0x00000000080096a0        0xc D:/CubeIDE/STM32CubeIDE_1.13.0/STM32CubeIDE/plugins/com.st.stm32cube.ide.mcu.externaltools.gnu-tools-for-stm32.11.3.rel1.win32_1.1.0.202305231506/tools/bin/../lib/gcc/arm-none-eabi/11.3.1/../../../../arm-none-eabi/lib/thumb/v7e-m+fp/hard\libc_nano.a(libc_a-mlock.o)
                0x00000000080096a0                __malloc_unlock
 .text._Balloc  0x00000000080096ac       0x80 D:/CubeIDE/STM32CubeIDE_1.13.0/STM32CubeIDE/plugins/com.st.stm32cube.ide.mcu.externaltools.gnu-tools-for-stm32.11.3.rel1.win32_1.1.0.202305231506/tools/bin/../lib/gcc/arm-none-eabi/11.3.1/../../../../arm-none-eabi/lib/thumb/v7e-m+fp/hard\libc_nano.a(libc_a-mprec.o)
                0x00000000080096ac                _Balloc
 .text._Bfree   0x000000000800972c       0x44 D:/CubeIDE/STM32CubeIDE_1.13.0/STM32CubeIDE/plugins/com.st.stm32cube.ide.mcu.externaltools.gnu-tools-for-stm32.11.3.rel1.win32_1.1.0.202305231506/tools/bin/../lib/gcc/arm-none-eabi/11.3.1/../../../../arm-none-eabi/lib/thumb/v7e-m+fp/hard\libc_nano.a(libc_a-mprec.o)
                0x000000000800972c                _Bfree
 .text.__multadd
                0x0000000008009770       0x8c D:/CubeIDE/STM32CubeIDE_1.13.0/STM32CubeIDE/plugins/com.st.stm32cube.ide.mcu.externaltools.gnu-tools-for-stm32.11.3.rel1.win32_1.1.0.202305231506/tools/bin/../lib/gcc/arm-none-eabi/11.3.1/../../../../arm-none-eabi/lib/thumb/v7e-m+fp/hard\libc_nano.a(libc_a-mprec.o)
                0x0000000008009770                __multadd
 .text.__hi0bits
                0x00000000080097fc       0x40 D:/CubeIDE/STM32CubeIDE_1.13.0/STM32CubeIDE/plugins/com.st.stm32cube.ide.mcu.externaltools.gnu-tools-for-stm32.11.3.rel1.win32_1.1.0.202305231506/tools/bin/../lib/gcc/arm-none-eabi/11.3.1/../../../../arm-none-eabi/lib/thumb/v7e-m+fp/hard\libc_nano.a(libc_a-mprec.o)
                0x00000000080097fc                __hi0bits
 .text.__lo0bits
                0x000000000800983c       0x5a D:/CubeIDE/STM32CubeIDE_1.13.0/STM32CubeIDE/plugins/com.st.stm32cube.ide.mcu.externaltools.gnu-tools-for-stm32.11.3.rel1.win32_1.1.0.202305231506/tools/bin/../lib/gcc/arm-none-eabi/11.3.1/../../../../arm-none-eabi/lib/thumb/v7e-m+fp/hard\libc_nano.a(libc_a-mprec.o)
                0x000000000800983c                __lo0bits
 *fill*         0x0000000008009896        0x2 
 .text.__i2b    0x0000000008009898       0x2c D:/CubeIDE/STM32CubeIDE_1.13.0/STM32CubeIDE/plugins/com.st.stm32cube.ide.mcu.externaltools.gnu-tools-for-stm32.11.3.rel1.win32_1.1.0.202305231506/tools/bin/../lib/gcc/arm-none-eabi/11.3.1/../../../../arm-none-eabi/lib/thumb/v7e-m+fp/hard\libc_nano.a(libc_a-mprec.o)
                0x0000000008009898                __i2b
 .text.__multiply
                0x00000000080098c4      0x154 D:/CubeIDE/STM32CubeIDE_1.13.0/STM32CubeIDE/plugins/com.st.stm32cube.ide.mcu.externaltools.gnu-tools-for-stm32.11.3.rel1.win32_1.1.0.202305231506/tools/bin/../lib/gcc/arm-none-eabi/11.3.1/../../../../arm-none-eabi/lib/thumb/v7e-m+fp/hard\libc_nano.a(libc_a-mprec.o)
                0x00000000080098c4                __multiply
 .text.__pow5mult
                0x0000000008009a18       0xb4 D:/CubeIDE/STM32CubeIDE_1.13.0/STM32CubeIDE/plugins/com.st.stm32cube.ide.mcu.externaltools.gnu-tools-for-stm32.11.3.rel1.win32_1.1.0.202305231506/tools/bin/../lib/gcc/arm-none-eabi/11.3.1/../../../../arm-none-eabi/lib/thumb/v7e-m+fp/hard\libc_nano.a(libc_a-mprec.o)
                0x0000000008009a18                __pow5mult
 .text.__lshift
                0x0000000008009acc       0xd8 D:/CubeIDE/STM32CubeIDE_1.13.0/STM32CubeIDE/plugins/com.st.stm32cube.ide.mcu.externaltools.gnu-tools-for-stm32.11.3.rel1.win32_1.1.0.202305231506/tools/bin/../lib/gcc/arm-none-eabi/11.3.1/../../../../arm-none-eabi/lib/thumb/v7e-m+fp/hard\libc_nano.a(libc_a-mprec.o)
                0x0000000008009acc                __lshift
 .text.__mcmp   0x0000000008009ba4       0x38 D:/CubeIDE/STM32CubeIDE_1.13.0/STM32CubeIDE/plugins/com.st.stm32cube.ide.mcu.externaltools.gnu-tools-for-stm32.11.3.rel1.win32_1.1.0.202305231506/tools/bin/../lib/gcc/arm-none-eabi/11.3.1/../../../../arm-none-eabi/lib/thumb/v7e-m+fp/hard\libc_nano.a(libc_a-mprec.o)
                0x0000000008009ba4                __mcmp
 .text.__mdiff  0x0000000008009bdc      0x114 D:/CubeIDE/STM32CubeIDE_1.13.0/STM32CubeIDE/plugins/com.st.stm32cube.ide.mcu.externaltools.gnu-tools-for-stm32.11.3.rel1.win32_1.1.0.202305231506/tools/bin/../lib/gcc/arm-none-eabi/11.3.1/../../../../arm-none-eabi/lib/thumb/v7e-m+fp/hard\libc_nano.a(libc_a-mprec.o)
                0x0000000008009bdc                __mdiff
 .text.__d2b    0x0000000008009cf0       0xb4 D:/CubeIDE/STM32CubeIDE_1.13.0/STM32CubeIDE/plugins/com.st.stm32cube.ide.mcu.externaltools.gnu-tools-for-stm32.11.3.rel1.win32_1.1.0.202305231506/tools/bin/../lib/gcc/arm-none-eabi/11.3.1/../../../../arm-none-eabi/lib/thumb/v7e-m+fp/hard\libc_nano.a(libc_a-mprec.o)
                0x0000000008009cf0                __d2b
 .text.__sflush_r
                0x0000000008009da4      0x10c D:/CubeIDE/STM32CubeIDE_1.13.0/STM32CubeIDE/plugins/com.st.stm32cube.ide.mcu.externaltools.gnu-tools-for-stm32.11.3.rel1.win32_1.1.0.202305231506/tools/bin/../lib/gcc/arm-none-eabi/11.3.1/../../../../arm-none-eabi/lib/thumb/v7e-m+fp/hard\libc_nano.a(libc_a-fflush.o)
                0x0000000008009da4                __sflush_r
 .text._fflush_r
                0x0000000008009eb0       0x50 D:/CubeIDE/STM32CubeIDE_1.13.0/STM32CubeIDE/plugins/com.st.stm32cube.ide.mcu.externaltools.gnu-tools-for-stm32.11.3.rel1.win32_1.1.0.202305231506/tools/bin/../lib/gcc/arm-none-eabi/11.3.1/../../../../arm-none-eabi/lib/thumb/v7e-m+fp/hard\libc_nano.a(libc_a-fflush.o)
                0x0000000008009eb0                _fflush_r
 .text._sbrk_r  0x0000000008009f00       0x20 D:/CubeIDE/STM32CubeIDE_1.13.0/STM32CubeIDE/plugins/com.st.stm32cube.ide.mcu.externaltools.gnu-tools-for-stm32.11.3.rel1.win32_1.1.0.202305231506/tools/bin/../lib/gcc/arm-none-eabi/11.3.1/../../../../arm-none-eabi/lib/thumb/v7e-m+fp/hard\libc_nano.a(libc_a-sbrkr.o)
                0x0000000008009f00                _sbrk_r
 .text.memcpy   0x0000000008009f20       0x1c D:/CubeIDE/STM32CubeIDE_1.13.0/STM32CubeIDE/plugins/com.st.stm32cube.ide.mcu.externaltools.gnu-tools-for-stm32.11.3.rel1.win32_1.1.0.202305231506/tools/bin/../lib/gcc/arm-none-eabi/11.3.1/../../../../arm-none-eabi/lib/thumb/v7e-m+fp/hard\libc_nano.a(libc_a-memcpy-stub.o)
                0x0000000008009f20                memcpy
 .text.__assert_func
                0x0000000008009f3c       0x3c D:/CubeIDE/STM32CubeIDE_1.13.0/STM32CubeIDE/plugins/com.st.stm32cube.ide.mcu.externaltools.gnu-tools-for-stm32.11.3.rel1.win32_1.1.0.202305231506/tools/bin/../lib/gcc/arm-none-eabi/11.3.1/../../../../arm-none-eabi/lib/thumb/v7e-m+fp/hard\libc_nano.a(libc_a-assert.o)
                0x0000000008009f3c                __assert_func
 .text._calloc_r
                0x0000000008009f78       0x2c D:/CubeIDE/STM32CubeIDE_1.13.0/STM32CubeIDE/plugins/com.st.stm32cube.ide.mcu.externaltools.gnu-tools-for-stm32.11.3.rel1.win32_1.1.0.202305231506/tools/bin/../lib/gcc/arm-none-eabi/11.3.1/../../../../arm-none-eabi/lib/thumb/v7e-m+fp/hard\libc_nano.a(libc_a-callocr.o)
                0x0000000008009f78                _calloc_r
 .text.__ascii_mbtowc
                0x0000000008009fa4       0x24 D:/CubeIDE/STM32CubeIDE_1.13.0/STM32CubeIDE/plugins/com.st.stm32cube.ide.mcu.externaltools.gnu-tools-for-stm32.11.3.rel1.win32_1.1.0.202305231506/tools/bin/../lib/gcc/arm-none-eabi/11.3.1/../../../../arm-none-eabi/lib/thumb/v7e-m+fp/hard\libc_nano.a(libc_a-mbtowc_r.o)
                0x0000000008009fa4                __ascii_mbtowc
 .text.__ascii_wctomb
                0x0000000008009fc8       0x1a D:/CubeIDE/STM32CubeIDE_1.13.0/STM32CubeIDE/plugins/com.st.stm32cube.ide.mcu.externaltools.gnu-tools-for-stm32.11.3.rel1.win32_1.1.0.202305231506/tools/bin/../lib/gcc/arm-none-eabi/11.3.1/../../../../arm-none-eabi/lib/thumb/v7e-m+fp/hard\libc_nano.a(libc_a-wctomb_r.o)
                0x0000000008009fc8                __ascii_wctomb
 *fill*         0x0000000008009fe2        0x2 
 .text.fprintf  0x0000000008009fe4       0x24 D:/CubeIDE/STM32CubeIDE_1.13.0/STM32CubeIDE/plugins/com.st.stm32cube.ide.mcu.externaltools.gnu-tools-for-stm32.11.3.rel1.win32_1.1.0.202305231506/tools/bin/../lib/gcc/arm-none-eabi/11.3.1/../../../../arm-none-eabi/lib/thumb/v7e-m+fp/hard\libc_nano.a(libc_a-fprintf.o)
                0x0000000008009fe4                fiprintf
                0x0000000008009fe4                fprintf
 .text.abort    0x000000000800a008        0xe D:/CubeIDE/STM32CubeIDE_1.13.0/STM32CubeIDE/plugins/com.st.stm32cube.ide.mcu.externaltools.gnu-tools-for-stm32.11.3.rel1.win32_1.1.0.202305231506/tools/bin/../lib/gcc/arm-none-eabi/11.3.1/../../../../arm-none-eabi/lib/thumb/v7e-m+fp/hard\libc_nano.a(libc_a-abort.o)
                0x000000000800a008                abort
 .text.__sfputc_r
                0x000000000800a016       0x2e D:/CubeIDE/STM32CubeIDE_1.13.0/STM32CubeIDE/plugins/com.st.stm32cube.ide.mcu.externaltools.gnu-tools-for-stm32.11.3.rel1.win32_1.1.0.202305231506/tools/bin/../lib/gcc/arm-none-eabi/11.3.1/../../../../arm-none-eabi/lib/thumb/v7e-m+fp/hard\libc_nano.a(libc_a-nano-vfprintf.o)
 .text.__sfputs_r
                0x000000000800a044       0x24 D:/CubeIDE/STM32CubeIDE_1.13.0/STM32CubeIDE/plugins/com.st.stm32cube.ide.mcu.externaltools.gnu-tools-for-stm32.11.3.rel1.win32_1.1.0.202305231506/tools/bin/../lib/gcc/arm-none-eabi/11.3.1/../../../../arm-none-eabi/lib/thumb/v7e-m+fp/hard\libc_nano.a(libc_a-nano-vfprintf.o)
                0x000000000800a044                __sfputs_r
 .text._vfprintf_r
                0x000000000800a068      0x234 D:/CubeIDE/STM32CubeIDE_1.13.0/STM32CubeIDE/plugins/com.st.stm32cube.ide.mcu.externaltools.gnu-tools-for-stm32.11.3.rel1.win32_1.1.0.202305231506/tools/bin/../lib/gcc/arm-none-eabi/11.3.1/../../../../arm-none-eabi/lib/thumb/v7e-m+fp/hard\libc_nano.a(libc_a-nano-vfprintf.o)
                0x000000000800a068                _vfprintf_r
                0x000000000800a068                _vfiprintf_r
 .text.__swbuf_r
                0x000000000800a29c       0x7a D:/CubeIDE/STM32CubeIDE_1.13.0/STM32CubeIDE/plugins/com.st.stm32cube.ide.mcu.externaltools.gnu-tools-for-stm32.11.3.rel1.win32_1.1.0.202305231506/tools/bin/../lib/gcc/arm-none-eabi/11.3.1/../../../../arm-none-eabi/lib/thumb/v7e-m+fp/hard\libc_nano.a(libc_a-wbuf.o)
                0x000000000800a29c                __swbuf_r
 *fill*         0x000000000800a316        0x2 
 .text.__swsetup_r
                0x000000000800a318       0xb0 D:/CubeIDE/STM32CubeIDE_1.13.0/STM32CubeIDE/plugins/com.st.stm32cube.ide.mcu.externaltools.gnu-tools-for-stm32.11.3.rel1.win32_1.1.0.202305231506/tools/bin/../lib/gcc/arm-none-eabi/11.3.1/../../../../arm-none-eabi/lib/thumb/v7e-m+fp/hard\libc_nano.a(libc_a-wsetup.o)
                0x000000000800a318                __swsetup_r
 .text._raise_r
                0x000000000800a3c8       0x50 D:/CubeIDE/STM32CubeIDE_1.13.0/STM32CubeIDE/plugins/com.st.stm32cube.ide.mcu.externaltools.gnu-tools-for-stm32.11.3.rel1.win32_1.1.0.202305231506/tools/bin/../lib/gcc/arm-none-eabi/11.3.1/../../../../arm-none-eabi/lib/thumb/v7e-m+fp/hard\libc_nano.a(libc_a-signal.o)
                0x000000000800a3c8                _raise_r
 .text.raise    0x000000000800a418       0x10 D:/CubeIDE/STM32CubeIDE_1.13.0/STM32CubeIDE/plugins/com.st.stm32cube.ide.mcu.externaltools.gnu-tools-for-stm32.11.3.rel1.win32_1.1.0.202305231506/tools/bin/../lib/gcc/arm-none-eabi/11.3.1/../../../../arm-none-eabi/lib/thumb/v7e-m+fp/hard\libc_nano.a(libc_a-signal.o)
                0x000000000800a418                raise
 .text._kill_r  0x000000000800a428       0x24 D:/CubeIDE/STM32CubeIDE_1.13.0/STM32CubeIDE/plugins/com.st.stm32cube.ide.mcu.externaltools.gnu-tools-for-stm32.11.3.rel1.win32_1.1.0.202305231506/tools/bin/../lib/gcc/arm-none-eabi/11.3.1/../../../../arm-none-eabi/lib/thumb/v7e-m+fp/hard\libc_nano.a(libc_a-signalr.o)
                0x000000000800a428                _kill_r
 .text._getpid_r
                0x000000000800a44c        0x4 D:/CubeIDE/STM32CubeIDE_1.13.0/STM32CubeIDE/plugins/com.st.stm32cube.ide.mcu.externaltools.gnu-tools-for-stm32.11.3.rel1.win32_1.1.0.202305231506/tools/bin/../lib/gcc/arm-none-eabi/11.3.1/../../../../arm-none-eabi/lib/thumb/v7e-m+fp/hard\libc_nano.a(libc_a-signalr.o)
                0x000000000800a44c                _getpid_r
 .text.__swhatbuf_r
                0x000000000800a450       0x4c D:/CubeIDE/STM32CubeIDE_1.13.0/STM32CubeIDE/plugins/com.st.stm32cube.ide.mcu.externaltools.gnu-tools-for-stm32.11.3.rel1.win32_1.1.0.202305231506/tools/bin/../lib/gcc/arm-none-eabi/11.3.1/../../../../arm-none-eabi/lib/thumb/v7e-m+fp/hard\libc_nano.a(libc_a-makebuf.o)
                0x000000000800a450                __swhatbuf_r
 .text.__smakebuf_r
                0x000000000800a49c       0x78 D:/CubeIDE/STM32CubeIDE_1.13.0/STM32CubeIDE/plugins/com.st.stm32cube.ide.mcu.externaltools.gnu-tools-for-stm32.11.3.rel1.win32_1.1.0.202305231506/tools/bin/../lib/gcc/arm-none-eabi/11.3.1/../../../../arm-none-eabi/lib/thumb/v7e-m+fp/hard\libc_nano.a(libc_a-makebuf.o)
                0x000000000800a49c                __smakebuf_r
 .text._fstat_r
                0x000000000800a514       0x24 D:/CubeIDE/STM32CubeIDE_1.13.0/STM32CubeIDE/plugins/com.st.stm32cube.ide.mcu.externaltools.gnu-tools-for-stm32.11.3.rel1.win32_1.1.0.202305231506/tools/bin/../lib/gcc/arm-none-eabi/11.3.1/../../../../arm-none-eabi/lib/thumb/v7e-m+fp/hard\libc_nano.a(libc_a-fstatr.o)
                0x000000000800a514                _fstat_r
 .text._isatty_r
                0x000000000800a538       0x20 D:/CubeIDE/STM32CubeIDE_1.13.0/STM32CubeIDE/plugins/com.st.stm32cube.ide.mcu.externaltools.gnu-tools-for-stm32.11.3.rel1.win32_1.1.0.202305231506/tools/bin/../lib/gcc/arm-none-eabi/11.3.1/../../../../arm-none-eabi/lib/thumb/v7e-m+fp/hard\libc_nano.a(libc_a-isattyr.o)
                0x000000000800a538                _isatty_r
 .text.acos     0x000000000800a558       0x68 D:/CubeIDE/STM32CubeIDE_1.13.0/STM32CubeIDE/plugins/com.st.stm32cube.ide.mcu.externaltools.gnu-tools-for-stm32.11.3.rel1.win32_1.1.0.202305231506/tools/bin/../lib/gcc/arm-none-eabi/11.3.1/../../../../arm-none-eabi/lib/thumb/v7e-m+fp/hard\libm.a(libm_a-w_acos.o)
                0x000000000800a558                acos
 .text.asin     0x000000000800a5c0       0x68 D:/CubeIDE/STM32CubeIDE_1.13.0/STM32CubeIDE/plugins/com.st.stm32cube.ide.mcu.externaltools.gnu-tools-for-stm32.11.3.rel1.win32_1.1.0.202305231506/tools/bin/../lib/gcc/arm-none-eabi/11.3.1/../../../../arm-none-eabi/lib/thumb/v7e-m+fp/hard\libm.a(libm_a-w_asin.o)
                0x000000000800a5c0                asin
 .text.pow      0x000000000800a628       0xe0 D:/CubeIDE/STM32CubeIDE_1.13.0/STM32CubeIDE/plugins/com.st.stm32cube.ide.mcu.externaltools.gnu-tools-for-stm32.11.3.rel1.win32_1.1.0.202305231506/tools/bin/../lib/gcc/arm-none-eabi/11.3.1/../../../../arm-none-eabi/lib/thumb/v7e-m+fp/hard\libm.a(libm_a-w_pow.o)
                0x000000000800a628                pow
 .text.sqrt     0x000000000800a708       0x58 D:/CubeIDE/STM32CubeIDE_1.13.0/STM32CubeIDE/plugins/com.st.stm32cube.ide.mcu.externaltools.gnu-tools-for-stm32.11.3.rel1.win32_1.1.0.202305231506/tools/bin/../lib/gcc/arm-none-eabi/11.3.1/../../../../arm-none-eabi/lib/thumb/v7e-m+fp/hard\libm.a(libm_a-w_sqrt.o)
                0x000000000800a708                sqrt
 .text.cos      0x000000000800a760       0xa8 D:/CubeIDE/STM32CubeIDE_1.13.0/STM32CubeIDE/plugins/com.st.stm32cube.ide.mcu.externaltools.gnu-tools-for-stm32.11.3.rel1.win32_1.1.0.202305231506/tools/bin/../lib/gcc/arm-none-eabi/11.3.1/../../../../arm-none-eabi/lib/thumb/v7e-m+fp/hard\libm.a(libm_a-s_cos.o)
                0x000000000800a760                cos
 .text.fabs     0x000000000800a808       0x12 D:/CubeIDE/STM32CubeIDE_1.13.0/STM32CubeIDE/plugins/com.st.stm32cube.ide.mcu.externaltools.gnu-tools-for-stm32.11.3.rel1.win32_1.1.0.202305231506/tools/bin/../lib/gcc/arm-none-eabi/11.3.1/../../../../arm-none-eabi/lib/thumb/v7e-m+fp/hard\libm.a(libm_a-s_fabs.o)
                0x000000000800a808                fabs
 *fill*         0x000000000800a81a        0x6 
 .text.sin      0x000000000800a820       0xb0 D:/CubeIDE/STM32CubeIDE_1.13.0/STM32CubeIDE/plugins/com.st.stm32cube.ide.mcu.externaltools.gnu-tools-for-stm32.11.3.rel1.win32_1.1.0.202305231506/tools/bin/../lib/gcc/arm-none-eabi/11.3.1/../../../../arm-none-eabi/lib/thumb/v7e-m+fp/hard\libm.a(libm_a-s_sin.o)
                0x000000000800a820                sin
 .text.sqrtf    0x000000000800a8d0       0x3c D:/CubeIDE/STM32CubeIDE_1.13.0/STM32CubeIDE/plugins/com.st.stm32cube.ide.mcu.externaltools.gnu-tools-for-stm32.11.3.rel1.win32_1.1.0.202305231506/tools/bin/../lib/gcc/arm-none-eabi/11.3.1/../../../../arm-none-eabi/lib/thumb/v7e-m+fp/hard\libm.a(libm_a-wf_sqrt.o)
                0x000000000800a8d0                sqrtf
 .text.finite   0x000000000800a90c       0x16 D:/CubeIDE/STM32CubeIDE_1.13.0/STM32CubeIDE/plugins/com.st.stm32cube.ide.mcu.externaltools.gnu-tools-for-stm32.11.3.rel1.win32_1.1.0.202305231506/tools/bin/../lib/gcc/arm-none-eabi/11.3.1/../../../../arm-none-eabi/lib/thumb/v7e-m+fp/hard\libm.a(libm_a-s_finite.o)
                0x000000000800a90c                finite
 *fill*         0x000000000800a922        0x6 
 .text.nan      0x000000000800a928       0x10 D:/CubeIDE/STM32CubeIDE_1.13.0/STM32CubeIDE/plugins/com.st.stm32cube.ide.mcu.externaltools.gnu-tools-for-stm32.11.3.rel1.win32_1.1.0.202305231506/tools/bin/../lib/gcc/arm-none-eabi/11.3.1/../../../../arm-none-eabi/lib/thumb/v7e-m+fp/hard\libm.a(libm_a-s_nan.o)
                0x000000000800a928                nan
 .text.__ieee754_sqrt
                0x000000000800a938      0x1b4 D:/CubeIDE/STM32CubeIDE_1.13.0/STM32CubeIDE/plugins/com.st.stm32cube.ide.mcu.externaltools.gnu-tools-for-stm32.11.3.rel1.win32_1.1.0.202305231506/tools/bin/../lib/gcc/arm-none-eabi/11.3.1/../../../../arm-none-eabi/lib/thumb/v7e-m+fp/hard\libm.a(libm_a-e_sqrt.o)
                0x000000000800a938                __ieee754_sqrt
 .text.__ieee754_sqrtf
                0x000000000800aaec        0x6 D:/CubeIDE/STM32CubeIDE_1.13.0/STM32CubeIDE/plugins/com.st.stm32cube.ide.mcu.externaltools.gnu-tools-for-stm32.11.3.rel1.win32_1.1.0.202305231506/tools/bin/../lib/gcc/arm-none-eabi/11.3.1/../../../../arm-none-eabi/lib/thumb/v7e-m+fp/hard\libm.a(libm_a-ef_sqrt.o)
                0x000000000800aaec                __ieee754_sqrtf
 *fill*         0x000000000800aaf2        0x6 
 .text.__kernel_cos
                0x000000000800aaf8      0x18c D:/CubeIDE/STM32CubeIDE_1.13.0/STM32CubeIDE/plugins/com.st.stm32cube.ide.mcu.externaltools.gnu-tools-for-stm32.11.3.rel1.win32_1.1.0.202305231506/tools/bin/../lib/gcc/arm-none-eabi/11.3.1/../../../../arm-none-eabi/lib/thumb/v7e-m+fp/hard\libm.a(libm_a-k_cos.o)
                0x000000000800aaf8                __kernel_cos
 *fill*         0x000000000800ac84        0x4 
 .text.__kernel_sin
                0x000000000800ac88      0x17c D:/CubeIDE/STM32CubeIDE_1.13.0/STM32CubeIDE/plugins/com.st.stm32cube.ide.mcu.externaltools.gnu-tools-for-stm32.11.3.rel1.win32_1.1.0.202305231506/tools/bin/../lib/gcc/arm-none-eabi/11.3.1/../../../../arm-none-eabi/lib/thumb/v7e-m+fp/hard\libm.a(libm_a-k_sin.o)
                0x000000000800ac88                __kernel_sin
 *fill*         0x000000000800ae04        0x4 
 .text.__ieee754_acos
                0x000000000800ae08      0x4c0 D:/CubeIDE/STM32CubeIDE_1.13.0/STM32CubeIDE/plugins/com.st.stm32cube.ide.mcu.externaltools.gnu-tools-for-stm32.11.3.rel1.win32_1.1.0.202305231506/tools/bin/../lib/gcc/arm-none-eabi/11.3.1/../../../../arm-none-eabi/lib/thumb/v7e-m+fp/hard\libm.a(libm_a-e_acos.o)
                0x000000000800ae08                __ieee754_acos
 .text.__ieee754_asin
                0x000000000800b2c8      0x428 D:/CubeIDE/STM32CubeIDE_1.13.0/STM32CubeIDE/plugins/com.st.stm32cube.ide.mcu.externaltools.gnu-tools-for-stm32.11.3.rel1.win32_1.1.0.202305231506/tools/bin/../lib/gcc/arm-none-eabi/11.3.1/../../../../arm-none-eabi/lib/thumb/v7e-m+fp/hard\libm.a(libm_a-e_asin.o)
                0x000000000800b2c8                __ieee754_asin
 .text.__ieee754_pow
                0x000000000800b6f0      0xa54 D:/CubeIDE/STM32CubeIDE_1.13.0/STM32CubeIDE/plugins/com.st.stm32cube.ide.mcu.externaltools.gnu-tools-for-stm32.11.3.rel1.win32_1.1.0.202305231506/tools/bin/../lib/gcc/arm-none-eabi/11.3.1/../../../../arm-none-eabi/lib/thumb/v7e-m+fp/hard\libm.a(libm_a-e_pow.o)
                0x000000000800b6f0                __ieee754_pow
 *fill*         0x000000000800c144        0x4 
 .text.__ieee754_rem_pio2
                0x000000000800c148      0x40c D:/CubeIDE/STM32CubeIDE_1.13.0/STM32CubeIDE/plugins/com.st.stm32cube.ide.mcu.externaltools.gnu-tools-for-stm32.11.3.rel1.win32_1.1.0.202305231506/tools/bin/../lib/gcc/arm-none-eabi/11.3.1/../../../../arm-none-eabi/lib/thumb/v7e-m+fp/hard\libm.a(libm_a-e_rem_pio2.o)
                0x000000000800c148                __ieee754_rem_pio2
 *fill*         0x000000000800c554        0x4 
 .text.scalbn   0x000000000800c558       0xfc D:/CubeIDE/STM32CubeIDE_1.13.0/STM32CubeIDE/plugins/com.st.stm32cube.ide.mcu.externaltools.gnu-tools-for-stm32.11.3.rel1.win32_1.1.0.202305231506/tools/bin/../lib/gcc/arm-none-eabi/11.3.1/../../../../arm-none-eabi/lib/thumb/v7e-m+fp/hard\libm.a(libm_a-s_scalbn.o)
                0x000000000800c558                scalbn
 .text.with_errno
                0x000000000800c654       0x14 D:/CubeIDE/STM32CubeIDE_1.13.0/STM32CubeIDE/plugins/com.st.stm32cube.ide.mcu.externaltools.gnu-tools-for-stm32.11.3.rel1.win32_1.1.0.202305231506/tools/bin/../lib/gcc/arm-none-eabi/11.3.1/../../../../arm-none-eabi/lib/thumb/v7e-m+fp/hard\libm.a(libm_a-math_err.o)
 .text.xflow    0x000000000800c668       0x28 D:/CubeIDE/STM32CubeIDE_1.13.0/STM32CubeIDE/plugins/com.st.stm32cube.ide.mcu.externaltools.gnu-tools-for-stm32.11.3.rel1.win32_1.1.0.202305231506/tools/bin/../lib/gcc/arm-none-eabi/11.3.1/../../../../arm-none-eabi/lib/thumb/v7e-m+fp/hard\libm.a(libm_a-math_err.o)
 .text.__math_uflow
                0x000000000800c690       0x12 D:/CubeIDE/STM32CubeIDE_1.13.0/STM32CubeIDE/plugins/com.st.stm32cube.ide.mcu.externaltools.gnu-tools-for-stm32.11.3.rel1.win32_1.1.0.202305231506/tools/bin/../lib/gcc/arm-none-eabi/11.3.1/../../../../arm-none-eabi/lib/thumb/v7e-m+fp/hard\libm.a(libm_a-math_err.o)
                0x000000000800c690                __math_uflow
 .text.__math_oflow
                0x000000000800c6a2       0x12 D:/CubeIDE/STM32CubeIDE_1.13.0/STM32CubeIDE/plugins/com.st.stm32cube.ide.mcu.externaltools.gnu-tools-for-stm32.11.3.rel1.win32_1.1.0.202305231506/tools/bin/../lib/gcc/arm-none-eabi/11.3.1/../../../../arm-none-eabi/lib/thumb/v7e-m+fp/hard\libm.a(libm_a-math_err.o)
                0x000000000800c6a2                __math_oflow
 *fill*         0x000000000800c6b4        0x4 
 .text.__kernel_rem_pio2
                0x000000000800c6b8      0x69c D:/CubeIDE/STM32CubeIDE_1.13.0/STM32CubeIDE/plugins/com.st.stm32cube.ide.mcu.externaltools.gnu-tools-for-stm32.11.3.rel1.win32_1.1.0.202305231506/tools/bin/../lib/gcc/arm-none-eabi/11.3.1/../../../../arm-none-eabi/lib/thumb/v7e-m+fp/hard\libm.a(libm_a-k_rem_pio2.o)
                0x000000000800c6b8                __kernel_rem_pio2
 *fill*         0x000000000800cd54        0x4 
 .text.floor    0x000000000800cd58      0x100 D:/CubeIDE/STM32CubeIDE_1.13.0/STM32CubeIDE/plugins/com.st.stm32cube.ide.mcu.externaltools.gnu-tools-for-stm32.11.3.rel1.win32_1.1.0.202305231506/tools/bin/../lib/gcc/arm-none-eabi/11.3.1/../../../../arm-none-eabi/lib/thumb/v7e-m+fp/hard\libm.a(libm_a-s_floor.o)
                0x000000000800cd58                floor
 *(.glue_7)
 .glue_7        0x000000000800ce58        0x0 linker stubs
 *(.glue_7t)
 .glue_7t       0x000000000800ce58        0x0 linker stubs
 *(.eh_frame)
 .eh_frame      0x000000000800ce58        0x0 D:/CubeIDE/STM32CubeIDE_1.13.0/STM32CubeIDE/plugins/com.st.stm32cube.ide.mcu.externaltools.gnu-tools-for-stm32.11.3.rel1.win32_1.1.0.202305231506/tools/bin/../lib/gcc/arm-none-eabi/11.3.1/thumb/v7e-m+fp/hard/crtbegin.o
 *(.init)
 .init          0x000000000800ce58        0x4 D:/CubeIDE/STM32CubeIDE_1.13.0/STM32CubeIDE/plugins/com.st.stm32cube.ide.mcu.externaltools.gnu-tools-for-stm32.11.3.rel1.win32_1.1.0.202305231506/tools/bin/../lib/gcc/arm-none-eabi/11.3.1/thumb/v7e-m+fp/hard/crti.o
                0x000000000800ce58                _init
 .init          0x000000000800ce5c        0x8 D:/CubeIDE/STM32CubeIDE_1.13.0/STM32CubeIDE/plugins/com.st.stm32cube.ide.mcu.externaltools.gnu-tools-for-stm32.11.3.rel1.win32_1.1.0.202305231506/tools/bin/../lib/gcc/arm-none-eabi/11.3.1/thumb/v7e-m+fp/hard/crtn.o
 *(.fini)
 .fini          0x000000000800ce64        0x4 D:/CubeIDE/STM32CubeIDE_1.13.0/STM32CubeIDE/plugins/com.st.stm32cube.ide.mcu.externaltools.gnu-tools-for-stm32.11.3.rel1.win32_1.1.0.202305231506/tools/bin/../lib/gcc/arm-none-eabi/11.3.1/thumb/v7e-m+fp/hard/crti.o
                0x000000000800ce64                _fini
 .fini          0x000000000800ce68        0x8 D:/CubeIDE/STM32CubeIDE_1.13.0/STM32CubeIDE/plugins/com.st.stm32cube.ide.mcu.externaltools.gnu-tools-for-stm32.11.3.rel1.win32_1.1.0.202305231506/tools/bin/../lib/gcc/arm-none-eabi/11.3.1/thumb/v7e-m+fp/hard/crtn.o
                0x000000000800ce70                . = ALIGN (0x4)
                0x000000000800ce70                _etext = .

.vfp11_veneer   0x000000000800ce70        0x0
 .vfp11_veneer  0x000000000800ce70        0x0 linker stubs

.v4_bx          0x000000000800ce70        0x0
 .v4_bx         0x000000000800ce70        0x0 linker stubs

.iplt           0x000000000800ce70        0x0
 .iplt          0x000000000800ce70        0x0 D:/CubeIDE/STM32CubeIDE_1.13.0/STM32CubeIDE/plugins/com.st.stm32cube.ide.mcu.externaltools.gnu-tools-for-stm32.11.3.rel1.win32_1.1.0.202305231506/tools/bin/../lib/gcc/arm-none-eabi/11.3.1/thumb/v7e-m+fp/hard/crtbegin.o

.rodata         0x000000000800ce70      0x5c8
                0x000000000800ce70                . = ALIGN (0x4)
 *(.rodata)
 .rodata        0x000000000800ce70        0x3 ./Core/Src/bmp180.o
 *(.rodata*)
 *fill*         0x000000000800ce73        0x1 
 .rodata.getGPS.str1.4
                0x000000000800ce74        0xc ./Core/Src/NMEA.o
 .rodata.AHBPrescTable
                0x000000000800ce80       0x10 ./Core/Src/system_stm32f3xx.o
                0x000000000800ce80                AHBPrescTable
 .rodata.APBPrescTable
                0x000000000800ce90        0x8 ./Core/Src/system_stm32f3xx.o
                0x000000000800ce90                APBPrescTable
 .rodata.aPLLMULFactorTable
                0x000000000800ce98       0x10 ./Drivers/STM32F3xx_HAL_Driver/Src/stm32f3xx_hal_rcc.o
 .rodata.aPredivFactorTable
                0x000000000800cea8       0x10 ./Drivers/STM32F3xx_HAL_Driver/Src/stm32f3xx_hal_rcc.o
 .rodata._ctype_
                0x000000000800ceb8      0x101 D:/CubeIDE/STM32CubeIDE_1.13.0/STM32CubeIDE/plugins/com.st.stm32cube.ide.mcu.externaltools.gnu-tools-for-stm32.11.3.rel1.win32_1.1.0.202305231506/tools/bin/../lib/gcc/arm-none-eabi/11.3.1/../../../../arm-none-eabi/lib/thumb/v7e-m+fp/hard\libc_nano.a(libc_a-ctype_.o)
                0x000000000800ceb8                _ctype_
 .rodata._printf_float.str1.1
                0x000000000800cfb9       0x12 D:/CubeIDE/STM32CubeIDE_1.13.0/STM32CubeIDE/plugins/com.st.stm32cube.ide.mcu.externaltools.gnu-tools-for-stm32.11.3.rel1.win32_1.1.0.202305231506/tools/bin/../lib/gcc/arm-none-eabi/11.3.1/../../../../arm-none-eabi/lib/thumb/v7e-m+fp/hard\libc_nano.a(libc_a-nano-vfprintf_float.o)
 .rodata._printf_i.str1.1
                0x000000000800cfcb       0x22 D:/CubeIDE/STM32CubeIDE_1.13.0/STM32CubeIDE/plugins/com.st.stm32cube.ide.mcu.externaltools.gnu-tools-for-stm32.11.3.rel1.win32_1.1.0.202305231506/tools/bin/../lib/gcc/arm-none-eabi/11.3.1/../../../../arm-none-eabi/lib/thumb/v7e-m+fp/hard\libc_nano.a(libc_a-nano-vfprintf_i.o)
 .rodata._dtoa_r.str1.1
                0x000000000800cfed       0x8d D:/CubeIDE/STM32CubeIDE_1.13.0/STM32CubeIDE/plugins/com.st.stm32cube.ide.mcu.externaltools.gnu-tools-for-stm32.11.3.rel1.win32_1.1.0.202305231506/tools/bin/../lib/gcc/arm-none-eabi/11.3.1/../../../../arm-none-eabi/lib/thumb/v7e-m+fp/hard\libc_nano.a(libc_a-dtoa.o)
                                         0x8f (size before relaxing)
 .rodata._Balloc.str1.1
                0x000000000800d07a       0x59 D:/CubeIDE/STM32CubeIDE_1.13.0/STM32CubeIDE/plugins/com.st.stm32cube.ide.mcu.externaltools.gnu-tools-for-stm32.11.3.rel1.win32_1.1.0.202305231506/tools/bin/../lib/gcc/arm-none-eabi/11.3.1/../../../../arm-none-eabi/lib/thumb/v7e-m+fp/hard\libc_nano.a(libc_a-mprec.o)
                                         0x70 (size before relaxing)
 .rodata.__multadd.str1.1
                0x000000000800d0d3       0x11 D:/CubeIDE/STM32CubeIDE_1.13.0/STM32CubeIDE/plugins/com.st.stm32cube.ide.mcu.externaltools.gnu-tools-for-stm32.11.3.rel1.win32_1.1.0.202305231506/tools/bin/../lib/gcc/arm-none-eabi/11.3.1/../../../../arm-none-eabi/lib/thumb/v7e-m+fp/hard\libc_nano.a(libc_a-mprec.o)
 *fill*         0x000000000800d0d3        0x5 
 .rodata.__mprec_bigtens
                0x000000000800d0d8       0x28 D:/CubeIDE/STM32CubeIDE_1.13.0/STM32CubeIDE/plugins/com.st.stm32cube.ide.mcu.externaltools.gnu-tools-for-stm32.11.3.rel1.win32_1.1.0.202305231506/tools/bin/../lib/gcc/arm-none-eabi/11.3.1/../../../../arm-none-eabi/lib/thumb/v7e-m+fp/hard\libc_nano.a(libc_a-mprec.o)
                0x000000000800d0d8                __mprec_bigtens
 .rodata.__mprec_tens
                0x000000000800d100       0xc8 D:/CubeIDE/STM32CubeIDE_1.13.0/STM32CubeIDE/plugins/com.st.stm32cube.ide.mcu.externaltools.gnu-tools-for-stm32.11.3.rel1.win32_1.1.0.202305231506/tools/bin/../lib/gcc/arm-none-eabi/11.3.1/../../../../arm-none-eabi/lib/thumb/v7e-m+fp/hard\libc_nano.a(libc_a-mprec.o)
                0x000000000800d100                __mprec_tens
 .rodata.p05.0  0x000000000800d1c8        0xc D:/CubeIDE/STM32CubeIDE_1.13.0/STM32CubeIDE/plugins/com.st.stm32cube.ide.mcu.externaltools.gnu-tools-for-stm32.11.3.rel1.win32_1.1.0.202305231506/tools/bin/../lib/gcc/arm-none-eabi/11.3.1/../../../../arm-none-eabi/lib/thumb/v7e-m+fp/hard\libc_nano.a(libc_a-mprec.o)
 .rodata._setlocale_r.str1.1
                0x000000000800d1d4        0x8 D:/CubeIDE/STM32CubeIDE_1.13.0/STM32CubeIDE/plugins/com.st.stm32cube.ide.mcu.externaltools.gnu-tools-for-stm32.11.3.rel1.win32_1.1.0.202305231506/tools/bin/../lib/gcc/arm-none-eabi/11.3.1/../../../../arm-none-eabi/lib/thumb/v7e-m+fp/hard\libc_nano.a(libc_a-locale.o)
                                          0x9 (size before relaxing)
 .rodata.str1.1
                0x000000000800d1dc        0x2 D:/CubeIDE/STM32CubeIDE_1.13.0/STM32CubeIDE/plugins/com.st.stm32cube.ide.mcu.externaltools.gnu-tools-for-stm32.11.3.rel1.win32_1.1.0.202305231506/tools/bin/../lib/gcc/arm-none-eabi/11.3.1/../../../../arm-none-eabi/lib/thumb/v7e-m+fp/hard\libc_nano.a(libc_a-locale.o)
 .rodata.__assert_func.str1.1
                0x000000000800d1de       0x3c D:/CubeIDE/STM32CubeIDE_1.13.0/STM32CubeIDE/plugins/com.st.stm32cube.ide.mcu.externaltools.gnu-tools-for-stm32.11.3.rel1.win32_1.1.0.202305231506/tools/bin/../lib/gcc/arm-none-eabi/11.3.1/../../../../arm-none-eabi/lib/thumb/v7e-m+fp/hard\libc_nano.a(libc_a-assert.o)
                                         0x3d (size before relaxing)
 .rodata._vfprintf_r.str1.1
                0x000000000800d21a       0x11 D:/CubeIDE/STM32CubeIDE_1.13.0/STM32CubeIDE/plugins/com.st.stm32cube.ide.mcu.externaltools.gnu-tools-for-stm32.11.3.rel1.win32_1.1.0.202305231506/tools/bin/../lib/gcc/arm-none-eabi/11.3.1/../../../../arm-none-eabi/lib/thumb/v7e-m+fp/hard\libc_nano.a(libc_a-nano-vfprintf.o)
 .rodata.acos.str1.1
                0x000000000800d22b        0x1 D:/CubeIDE/STM32CubeIDE_1.13.0/STM32CubeIDE/plugins/com.st.stm32cube.ide.mcu.externaltools.gnu-tools-for-stm32.11.3.rel1.win32_1.1.0.202305231506/tools/bin/../lib/gcc/arm-none-eabi/11.3.1/../../../../arm-none-eabi/lib/thumb/v7e-m+fp/hard\libm.a(libm_a-w_acos.o)
 .rodata.asin.str1.1
                0x000000000800d22b        0x1 D:/CubeIDE/STM32CubeIDE_1.13.0/STM32CubeIDE/plugins/com.st.stm32cube.ide.mcu.externaltools.gnu-tools-for-stm32.11.3.rel1.win32_1.1.0.202305231506/tools/bin/../lib/gcc/arm-none-eabi/11.3.1/../../../../arm-none-eabi/lib/thumb/v7e-m+fp/hard\libm.a(libm_a-w_asin.o)
 *fill*         0x000000000800d22b        0x5 
 .rodata.bp     0x000000000800d230       0x10 D:/CubeIDE/STM32CubeIDE_1.13.0/STM32CubeIDE/plugins/com.st.stm32cube.ide.mcu.externaltools.gnu-tools-for-stm32.11.3.rel1.win32_1.1.0.202305231506/tools/bin/../lib/gcc/arm-none-eabi/11.3.1/../../../../arm-none-eabi/lib/thumb/v7e-m+fp/hard\libm.a(libm_a-e_pow.o)
 .rodata.dp_h   0x000000000800d240       0x10 D:/CubeIDE/STM32CubeIDE_1.13.0/STM32CubeIDE/plugins/com.st.stm32cube.ide.mcu.externaltools.gnu-tools-for-stm32.11.3.rel1.win32_1.1.0.202305231506/tools/bin/../lib/gcc/arm-none-eabi/11.3.1/../../../../arm-none-eabi/lib/thumb/v7e-m+fp/hard\libm.a(libm_a-e_pow.o)
 .rodata.dp_l   0x000000000800d250       0x10 D:/CubeIDE/STM32CubeIDE_1.13.0/STM32CubeIDE/plugins/com.st.stm32cube.ide.mcu.externaltools.gnu-tools-for-stm32.11.3.rel1.win32_1.1.0.202305231506/tools/bin/../lib/gcc/arm-none-eabi/11.3.1/../../../../arm-none-eabi/lib/thumb/v7e-m+fp/hard\libm.a(libm_a-e_pow.o)
 .rodata.npio2_hw
                0x000000000800d260       0x80 D:/CubeIDE/STM32CubeIDE_1.13.0/STM32CubeIDE/plugins/com.st.stm32cube.ide.mcu.externaltools.gnu-tools-for-stm32.11.3.rel1.win32_1.1.0.202305231506/tools/bin/../lib/gcc/arm-none-eabi/11.3.1/../../../../arm-none-eabi/lib/thumb/v7e-m+fp/hard\libm.a(libm_a-e_rem_pio2.o)
 .rodata.two_over_pi
                0x000000000800d2e0      0x108 D:/CubeIDE/STM32CubeIDE_1.13.0/STM32CubeIDE/plugins/com.st.stm32cube.ide.mcu.externaltools.gnu-tools-for-stm32.11.3.rel1.win32_1.1.0.202305231506/tools/bin/../lib/gcc/arm-none-eabi/11.3.1/../../../../arm-none-eabi/lib/thumb/v7e-m+fp/hard\libm.a(libm_a-e_rem_pio2.o)
 .rodata.PIo2   0x000000000800d3e8       0x40 D:/CubeIDE/STM32CubeIDE_1.13.0/STM32CubeIDE/plugins/com.st.stm32cube.ide.mcu.externaltools.gnu-tools-for-stm32.11.3.rel1.win32_1.1.0.202305231506/tools/bin/../lib/gcc/arm-none-eabi/11.3.1/../../../../arm-none-eabi/lib/thumb/v7e-m+fp/hard\libm.a(libm_a-k_rem_pio2.o)
 .rodata.init_jk
                0x000000000800d428       0x10 D:/CubeIDE/STM32CubeIDE_1.13.0/STM32CubeIDE/plugins/com.st.stm32cube.ide.mcu.externaltools.gnu-tools-for-stm32.11.3.rel1.win32_1.1.0.202305231506/tools/bin/../lib/gcc/arm-none-eabi/11.3.1/../../../../arm-none-eabi/lib/thumb/v7e-m+fp/hard\libm.a(libm_a-k_rem_pio2.o)
                0x000000000800d438                . = ALIGN (0x4)

.rel.dyn        0x000000000800d438        0x0
 .rel.iplt      0x000000000800d438        0x0 D:/CubeIDE/STM32CubeIDE_1.13.0/STM32CubeIDE/plugins/com.st.stm32cube.ide.mcu.externaltools.gnu-tools-for-stm32.11.3.rel1.win32_1.1.0.202305231506/tools/bin/../lib/gcc/arm-none-eabi/11.3.1/thumb/v7e-m+fp/hard/crtbegin.o

.ARM.extab      0x000000000800d438        0x0
                0x000000000800d438                . = ALIGN (0x4)
 *(.ARM.extab* .gnu.linkonce.armextab.*)
                0x000000000800d438                . = ALIGN (0x4)

.ARM            0x000000000800d438        0x0
                0x000000000800d438                . = ALIGN (0x4)
                0x000000000800d438                __exidx_start = .
 *(.ARM.exidx*)
                0x000000000800d438                __exidx_end = .
                0x000000000800d438                . = ALIGN (0x4)

.preinit_array  0x000000000800d438        0x0
                0x000000000800d438                . = ALIGN (0x4)
                0x000000000800d438                PROVIDE (__preinit_array_start = .)
 *(.preinit_array*)
                0x000000000800d438                PROVIDE (__preinit_array_end = .)
                0x000000000800d438                . = ALIGN (0x4)

.init_array     0x000000000800d438        0x4
                0x000000000800d438                . = ALIGN (0x4)
                0x000000000800d438                PROVIDE (__init_array_start = .)
 *(SORT_BY_NAME(.init_array.*))
 *(.init_array*)
 .init_array    0x000000000800d438        0x4 D:/CubeIDE/STM32CubeIDE_1.13.0/STM32CubeIDE/plugins/com.st.stm32cube.ide.mcu.externaltools.gnu-tools-for-stm32.11.3.rel1.win32_1.1.0.202305231506/tools/bin/../lib/gcc/arm-none-eabi/11.3.1/thumb/v7e-m+fp/hard/crtbegin.o
                0x000000000800d43c                PROVIDE (__init_array_end = .)
                0x000000000800d43c                . = ALIGN (0x4)

.fini_array     0x000000000800d43c        0x4
                0x000000000800d43c                . = ALIGN (0x4)
                [!provide]                        PROVIDE (__fini_array_start = .)
 *(SORT_BY_NAME(.fini_array.*))
 *(.fini_array*)
 .fini_array    0x000000000800d43c        0x4 D:/CubeIDE/STM32CubeIDE_1.13.0/STM32CubeIDE/plugins/com.st.stm32cube.ide.mcu.externaltools.gnu-tools-for-stm32.11.3.rel1.win32_1.1.0.202305231506/tools/bin/../lib/gcc/arm-none-eabi/11.3.1/thumb/v7e-m+fp/hard/crtbegin.o
                [!provide]                        PROVIDE (__fini_array_end = .)
                0x000000000800d440                . = ALIGN (0x4)
                0x000000000800d440                _sidata = LOADADDR (.data)

.data           0x0000000020000000      0x220 load address 0x000000000800d440
                0x0000000020000000                . = ALIGN (0x4)
                0x0000000020000000                _sdata = .
 *(.data)
 *(.data*)
 .data.GMT      0x0000000020000000        0x4 ./Core/Src/NMEA.o
                0x0000000020000000                GMT
 .data.VCCTimeout
                0x0000000020000004        0x4 ./Core/Src/NMEA.o
                0x0000000020000004                VCCTimeout
 .data.UpT      0x0000000020000008        0x1 ./Core/Src/main.o
                0x0000000020000008                UpT
 *fill*         0x0000000020000009        0x7 
 .data.angle_aileron
                0x0000000020000010        0x8 ./Core/Src/main.o
                0x0000000020000010                angle_aileron
 .data.angle_rudder_course
                0x0000000020000018        0x8 ./Core/Src/main.o
                0x0000000020000018                angle_rudder_course
 .data.angle_rudder_up
                0x0000000020000020        0x8 ./Core/Src/main.o
                0x0000000020000020                angle_rudder_up
 .data.SystemCoreClock
                0x0000000020000028        0x4 ./Core/Src/system_stm32f3xx.o
                0x0000000020000028                SystemCoreClock
 *fill*         0x000000002000002c        0x4 
 .data.Hud      0x0000000020000030        0x8 ./Core/Src/trajectory.o
                0x0000000020000030                Hud
 .data.R        0x0000000020000038        0x8 ./Core/Src/trajectory.o
                0x0000000020000038                R
 .data.uwTickFreq
                0x0000000020000040        0x1 ./Drivers/STM32F3xx_HAL_Driver/Src/stm32f3xx_hal.o
                0x0000000020000040                uwTickFreq
 *fill*         0x0000000020000041        0x3 
 .data.uwTickPrio
                0x0000000020000044        0x4 ./Drivers/STM32F3xx_HAL_Driver/Src/stm32f3xx_hal.o
                0x0000000020000044                uwTickPrio
 .data.__sglue  0x0000000020000048        0xc D:/CubeIDE/STM32CubeIDE_1.13.0/STM32CubeIDE/plugins/com.st.stm32cube.ide.mcu.externaltools.gnu-tools-for-stm32.11.3.rel1.win32_1.1.0.202305231506/tools/bin/../lib/gcc/arm-none-eabi/11.3.1/../../../../arm-none-eabi/lib/thumb/v7e-m+fp/hard\libc_nano.a(libc_a-findfp.o)
                0x0000000020000048                __sglue
 .data._impure_data
                0x0000000020000054       0x4c D:/CubeIDE/STM32CubeIDE_1.13.0/STM32CubeIDE/plugins/com.st.stm32cube.ide.mcu.externaltools.gnu-tools-for-stm32.11.3.rel1.win32_1.1.0.202305231506/tools/bin/../lib/gcc/arm-none-eabi/11.3.1/../../../../arm-none-eabi/lib/thumb/v7e-m+fp/hard\libc_nano.a(libc_a-impure.o)
                0x0000000020000054                _impure_data
 .data._impure_ptr
                0x00000000200000a0        0x4 D:/CubeIDE/STM32CubeIDE_1.13.0/STM32CubeIDE/plugins/com.st.stm32cube.ide.mcu.externaltools.gnu-tools-for-stm32.11.3.rel1.win32_1.1.0.202305231506/tools/bin/../lib/gcc/arm-none-eabi/11.3.1/../../../../arm-none-eabi/lib/thumb/v7e-m+fp/hard\libc_nano.a(libc_a-impure.o)
                0x00000000200000a0                _impure_ptr
 .data.__global_locale
                0x00000000200000a4      0x16c D:/CubeIDE/STM32CubeIDE_1.13.0/STM32CubeIDE/plugins/com.st.stm32cube.ide.mcu.externaltools.gnu-tools-for-stm32.11.3.rel1.win32_1.1.0.202305231506/tools/bin/../lib/gcc/arm-none-eabi/11.3.1/../../../../arm-none-eabi/lib/thumb/v7e-m+fp/hard\libc_nano.a(libc_a-locale.o)
                0x00000000200000a4                __global_locale
 .data.one      0x0000000020000210        0x8 D:/CubeIDE/STM32CubeIDE_1.13.0/STM32CubeIDE/plugins/com.st.stm32cube.ide.mcu.externaltools.gnu-tools-for-stm32.11.3.rel1.win32_1.1.0.202305231506/tools/bin/../lib/gcc/arm-none-eabi/11.3.1/../../../../arm-none-eabi/lib/thumb/v7e-m+fp/hard\libm.a(libm_a-e_sqrt.o)