../Core/Src/kalman.c:30:10:simpleKalmanX	24	static
../Core/Src/kalman.c:41:10:simpleKalmanY	24	static
../Core/Src/kalman.c:52:10:simpleKalmanZ	24	static
../Core/Src/kalman.c:66:10:simpleKalmanXE	24	static
../Core/Src/kalman.c:77:10:simpleKalmanYE	24	static
../Core/Src/kalman.c:88:10:simpleKalmanZE	24	static
../Core/Src/kalman.c:102:10:simpleKalmanOMEGA_X	24	static
../Core/Src/kalman.c:113:10:simpleKalmanOMEGA_Y	24	static
../Core/Src/kalman.c:124:10:simpleKalmanOMEGA_Z	24	static
../Core/Src/kalman.c:136:11:simpleKalmanYAW	40	static
../Core/Src/kalman.c:147:10:simpleKalmanVxGPS	24	static
../Core/Src/kalman.c:158:10:simpleKalmanVyGPS	24	static
../Core/Src/kalman.c:169:10:simpleKalmanVzGPS	24	static
../Core/Src/kalman.c:183:6:getKalmanA	8	static
../Core/Src/kalman.c:190:6:getKalmanCSE	8	static
../Core/Src/kalman.c:197:6:getKalmanOMEGA	8	static
../Core/Src/kalman.c:204:6:getKalmanVGPS	8	static
