../Core/Src/UartRingbuffer.c:42:6:Ringbuf_init	0	static
../Core/Src/UartRingbuffer.c:54:6:store_char	0	static
../Core/Src/UartRingbuffer.c:103:5:Uart_read	0	static
../Core/Src/UartRingbuffer.c:120:6:Uart_write	0	static
../Core/Src/UartRingbuffer.c:136:5:IsDataAvailable	0	static
../Core/Src/UartRingbuffer.c:143:6:Uart_sendstring	8	static
../Core/Src/UartRingbuffer.c:148:6:GetDataFromBuffer	24	static
../Core/Src/UartRingbuffer.c:205:6:Uart_flush	8	static
../Core/Src/UartRingbuffer.c:212:5:Uart_peek	0	static
../Core/Src/UartRingbuffer.c:230:5:Copy_upto	32	static
../Core/Src/UartRingbuffer.c:268:5:Get_after	16	static
../Core/Src/UartRingbuffer.c:284:5:Wait_for	16	static
../Core/Src/UartRingbuffer.c:329:6:Uart_isr	8	static
